<html>
<body>
<pre>
<h1>µVision Build Log</h1>
<h2>Tool Versions:</h2>
IDE-Version: ¦ÌVision V5.28.0.0
Copyright (C) 2019 ARM Ltd and ARM Germany GmbH. All rights reserved.
License Information: zhang xwya, didi, LIC=KIV74-FBAGL-JL6CC-77LRA-4LU2W-IHC20
 
Tool Versions:
Toolchain:       MDK-ARM Professional  Version: 5.28.0.0
Toolchain Path:  D:\Keil_v5\ARM\ARMCLANG\Bin
C Compiler:      ArmClang.exe V6.12
Assembler:       Armasm.exe V6.12
Linker/Locator:  ArmLink.exe V6.12
Library Manager: ArmAr.exe V6.12
Hex Converter:   FromElf.exe V6.12
CPU DLL:         SARMCM3.DLL V5.28.0.0
Dialog DLL:      DCM.DLL V1.17.3.0
Target DLL:      STLink\ST-LINKIII-KEIL_SWO.dll V3.0.6.0
Dialog DLL:      TCM.DLL V1.36.2.0
 
<h2>Project:</h2>
D:\TouchGFX\LY1200_master_20230512(single)\LY1200_master_20230512(single)\LY1200_APP_master\MDK-ARM\LY1200_APP_master.uvprojx
Project File Date:  05/13/2023

<h2>Output:</h2>
*** Using Compiler 'V6.12', folder: 'D:\Keil_v5\ARM\ARMCLANG\Bin'
Rebuild target 'LY1200_APP_master'
assembling startup_stm32f407xx.s...
compiling menu_module.c...
compiling algorithm_library.c...
compiling cct.c...
compiling light_effect.c...
compiling system_data.c...
compiling TouchGFX_User.c...
compiling main.c...
compiling gpio.c...
compiling can.c...
compiling freertos.c...
compiling crc.c...
compiling dma.c...
compiling fsmc.c...
compiling rng.c...
compiling spi.c...
compiling tim.c...
compiling usart.c...
compiling stm32f4xx_it.c...
compiling stm32f4xx_hal_msp.c...
compiling stm32f4xx_hal_timebase_tim.c...
compiling fan.c...
compiling esp32c3.c...
compiling W25Qx.c...
compiling TFT_LCD.c...
compiling control_box.c...
compiling text.c...
compiling stm32f4xx_hal_rcc.c...
compiling stm32f4xx_hal_can.c...
compiling stm32f4xx_hal_flash.c...
compiling stm32f4xx_hal_rcc_ex.c...
compiling stm32f4xx_hal_flash_ex.c...
compiling stm32f4xx_hal_flash_ramfunc.c...
compiling stm32f4xx_hal_gpio.c...
compiling stm32f4xx_hal_dma.c...
compiling stm32f4xx_hal_dma_ex.c...
compiling stm32f4xx_hal_pwr.c...
compiling stm32f4xx_hal_pwr_ex.c...
compiling stm32f4xx_hal_cortex.c...
compiling stm32f4xx_hal.c...
compiling stm32f4xx_hal_exti.c...
compiling stm32f4xx_hal_crc.c...
compiling stm32f4xx_ll_fsmc.c...
compiling stm32f4xx_hal_rng.c...
compiling stm32f4xx_hal_sram.c...
compiling stm32f4xx_hal_spi.c...
compiling croutine.c...
compiling system_stm32f4xx.c...
compiling stm32f4xx_hal_tim_ex.c...
compiling event_groups.c...
compiling stm32f4xx_hal_uart.c...
compiling list.c...
compiling stm32f4xx_hal_tim.c...
compiling stream_buffer.c...
compiling queue.c...
compiling timers.c...
compiling tasks.c...
compiling heap_4.c...
compiling port.c...
compiling Model.cpp...
compiling cmsis_os2.c...
compiling FrontendApplication.cpp...
compiling Screen1Presenter.cpp...
compiling Screen1View.cpp...
compiling ScreenCCTPresenter.cpp...
compiling ApplicationFontProvider.cpp...
compiling ScreenCCTView.cpp...
compiling BitmapDatabase.cpp...
compiling Font_simfang_17_4bpp_0.cpp...
compiling CachedFont.cpp...
compiling Font_simfang_25_4bpp_0.cpp...
compiling Font_simfang_40_4bpp_0.cpp...
compiling FontCache.cpp...
compiling GeneratedFont.cpp...
compiling Kerning_simfang_17_4bpp.cpp...
compiling FrontendApplicationBase.cpp...
compiling image_alternate_theme_images_bars_480x272_top_action.cpp...
compiling image_alternate_theme_images_logos_touchgfx.cpp...
compiling Kerning_simfang_25_4bpp.cpp...
compiling Kerning_simfang_40_4bpp.cpp...
compiling LanguageGb.cpp...
compiling SVGDatabase.cpp...
compiling Table_simfang_25_4bpp.cpp...
compiling Table_simfang_17_4bpp.cpp...
compiling Screen1ViewBase.cpp...
compiling ScreenCCTViewBase.cpp...
compiling Table_simfang_40_4bpp.cpp...
compiling Texts.cpp...
compiling UnmappedDataFont.cpp...
compiling TypedTextDatabase.cpp...
compiling STM32TouchController.cpp...
compiling KeyController.cpp...
../TouchGFX/target/TouchGFXHAL.cpp(72): warning: "A user must call touchgfx::startNewTransfer(); once touchgfxDisplayDriverTransmitBlock() has succesfully sent a block." [-W#warnings]
#warning "A user must call touchgfx::startNewTransfer(); once touchgfxDisplayDriverTransmitBlock() has succesfully sent a block."
 ^
../TouchGFX/target/TouchGFXHAL.cpp(73): warning: "A user must implement C-methods touchgfxDisplayDriverTransmitActive() and touchgfxDisplayDriverTransmitBlock() used by the Partial Framebuffer Strategy." [-W#warnings]
#warning "A user must implement C-methods touchgfxDisplayDriverTransmitActive() and touchgfxDisplayDriverTransmitBlock() used by the Partial Framebuffer Strategy."
 ^
2 warnings generated.
compiling TouchGFXHAL.cpp...
compiling TouchGFXGPIO.cpp...
compiling STM32DMA.cpp...
compiling image_alternate_theme_images_backgrounds_320x240_poly.cpp...
compiling OSWrappers.cpp...
compiling app_touchgfx.c...
compiling TouchGFXGeneratedHAL.cpp...
compiling TouchGFXConfiguration.cpp...
compiling retarget_io.c...
compiling EventRecorder.c...
linking...
LY1200_APP_master\LY1200_APP_master.sct(20): warning: L6314W: No section matches pattern *(.RAM3).
Program Size: Code=250736 RO-data=402748 RW-data=784 ZI-data=81568  
Finished: 0 information, 1 warning and 0 error messages.
FromELF: creating hex file...
"LY1200_APP_master\LY1200_APP_master.axf" - 0 Error(s), 3 Warning(s).

<h2>Software Packages used:</h2>

Package Vendor: ARM
                http://www.keil.com/pack/ARM.CMSIS.5.9.0.pack
                ARM.CMSIS.5.9.0
                CMSIS (Common Microcontroller Software Interface Standard)
   * Component: CORE Version: 5.6.0

Package Vendor: Keil
                http://www.keil.com/pack/Keil.ARM_Compiler.1.6.1.pack
                Keil.ARM_Compiler.1.6.1
                Keil ARM Compiler extensions for ARM Compiler 5 and ARM Compiler 6
   * Component: Event Recorder Variant: DAP Version: 1.4.0
   * Component: STDOUT Variant: EVR Version: 1.2.0

Package Vendor: Keil
                http://www.keil.com/pack/Keil.STM32F4xx_DFP.2.16.0.pack
                Keil.STM32F4xx_DFP.2.16.0
                STMicroelectronics STM32F4 Series Device Support, Drivers and Examples

<h2>Collection of Component include folders:</h2>
  .\RTE\Compiler
  .\RTE\_LY1200_APP_master
  D:\Users\xwya\AppData\Local\Arm\Packs\ARM\CMSIS\5.9.0\CMSIS\Core\Include
  D:\Users\xwya\AppData\Local\Arm\Packs\Keil\ARM_Compiler\1.6.1\Include
  D:\Users\xwya\AppData\Local\Arm\Packs\Keil\STM32F4xx_DFP\2.16.0\Drivers\CMSIS\Device\ST\STM32F4xx\Include

<h2>Collection of Component Files used:</h2>

   * Component: ARM::CMSIS:CORE:5.6.0
      Include file:  CMSIS\Core\Include\tz_context.h

   * Component: Keil.ARM Compiler::Compiler:Event Recorder:DAP:1.4.0
      Include file:  Include\EventRecorder.h
      Include file:  Config\EventRecorderConf.h
      Source file:   Source\EventRecorder.c

   * Component: Keil.ARM Compiler::Compiler:I/O:STDOUT:EVR:1.2.0
      Source file:   Source\retarget_io.c
Build Time Elapsed:  00:00:10
</pre>
</body>
</html>
