Component: ARM Compiler 6.12 Tool: armlink [5d624300]

==============================================================================

Image Symbol Table

    Local Symbols

    Symbol Name                              Value     Ov Type        Size  Object(Section)

    ../clib/angel/boardlib.s                 0x00000000   Number         0  boardinit1.o ABSOLUTE
    ../clib/angel/boardlib.s                 0x00000000   Number         0  boardinit2.o ABSOLUTE
    ../clib/angel/boardlib.s                 0x00000000   Number         0  boardinit3.o ABSOLUTE
    ../clib/angel/boardlib.s                 0x00000000   Number         0  boardshut.o ABSOLUTE
    ../clib/angel/dczerorl.s                 0x00000000   Number         0  __dczerorl.o ABSOLUTE
    ../clib/angel/handlers.s                 0x00000000   Number         0  __scatter_copy.o ABSOLUTE
    ../clib/angel/handlers.s                 0x00000000   Number         0  __scatter_zi.o ABSOLUTE
    ../clib/angel/kernel.s                   0x00000000   Number         0  __rtentry.o ABSOLUTE
    ../clib/angel/kernel.s                   0x00000000   Number         0  __rtentry2.o ABSOLUTE
    ../clib/angel/kernel.s                   0x00000000   Number         0  __rtentry4.o ABSOLUTE
    ../clib/angel/kernel.s                   0x00000000   Number         0  rtexit.o ABSOLUTE
    ../clib/angel/kernel.s                   0x00000000   Number         0  rtexit2.o ABSOLUTE
    ../clib/angel/rt.s                       0x00000000   Number         0  aeabi_ldiv0.o ABSOLUTE
    ../clib/angel/rt.s                       0x00000000   Number         0  aeabi_ldiv0_sigfpe.o ABSOLUTE
    ../clib/angel/rt.s                       0x00000000   Number         0  rt_heap_descriptor.o ABSOLUTE
    ../clib/angel/rt.s                       0x00000000   Number         0  rt_heap_descriptor_intlibspace.o ABSOLUTE
    ../clib/angel/rt.s                       0x00000000   Number         0  rt_div0.o ABSOLUTE
    ../clib/angel/rt.s                       0x00000000   Number         0  rt_raise.o ABSOLUTE
    ../clib/angel/rt.s                       0x00000000   Number         0  rt_ddtor_pointer_addr.o ABSOLUTE
    ../clib/angel/rt.s                       0x00000000   Number         0  rt_ddtor_pointer_addr_intlibspace.o ABSOLUTE
    ../clib/angel/rt.s                       0x00000000   Number         0  rt_ctype_table.o ABSOLUTE
    ../clib/angel/rt.s                       0x00000000   Number         0  rt_locale.o ABSOLUTE
    ../clib/angel/rt.s                       0x00000000   Number         0  rt_locale_intlibspace.o ABSOLUTE
    ../clib/angel/rt.s                       0x00000000   Number         0  rt_errno_addr.o ABSOLUTE
    ../clib/angel/rt.s                       0x00000000   Number         0  rt_errno_addr_intlibspace.o ABSOLUTE
    ../clib/angel/scatter.s                  0x00000000   Number         0  __scatter.o ABSOLUTE
    ../clib/angel/startup.s                  0x00000000   Number         0  __main.o ABSOLUTE
    ../clib/angel/sys.s                      0x00000000   Number         0  libspace.o ABSOLUTE
    ../clib/angel/sys.s                      0x00000000   Number         0  use_no_semi.o ABSOLUTE
    ../clib/angel/sys.s                      0x00000000   Number         0  mutex_dummy.o ABSOLUTE
    ../clib/angel/sys.s                      0x00000000   Number         0  indicate_semi.o ABSOLUTE
    ../clib/angel/sys.s                      0x00000000   Number         0  sys_stackheap_outer.o ABSOLUTE
    ../clib/angel/sysapp.c                   0x00000000   Number         0  sys_command.o ABSOLUTE
    ../clib/angel/sysapp.c                   0x00000000   Number         0  sys_command_hlt.o ABSOLUTE
    ../clib/angel/sysapp.c                   0x00000000   Number         0  sys_wrch.o ABSOLUTE
    ../clib/angel/sysapp.c                   0x00000000   Number         0  sys_exit.o ABSOLUTE
    ../clib/angel/sysapp.c                   0x00000000   Number         0  sys_wrch_hlt.o ABSOLUTE
    ../clib/angel/sysapp.c                   0x00000000   Number         0  sys_exit_hlt.o ABSOLUTE
    ../clib/arm_runtime.c                    0x00000000   Number         0  init_aeabi.o ABSOLUTE
    ../clib/arm_runtime.c                    0x00000000   Number         0  init_aeabi.o ABSOLUTE
    ../clib/armsys.c                         0x00000000   Number         0  _get_argv.o ABSOLUTE
    ../clib/armsys.c                         0x00000000   Number         0  argv_veneer.o ABSOLUTE
    ../clib/armsys.c                         0x00000000   Number         0  argv_veneer.o ABSOLUTE
    ../clib/armsys.c                         0x00000000   Number         0  _get_argv_nomalloc.o ABSOLUTE
    ../clib/armsys.c                         0x00000000   Number         0  no_argv.o ABSOLUTE
    ../clib/assert.c                         0x00000000   Number         0  assert.o ABSOLUTE
    ../clib/assert.c                         0x00000000   Number         0  assert_puts.o ABSOLUTE
[...]
    0x08045b04   0x08045508   0x00000008   Data   RO         2561    .ARM.exidx.text._ZN8touchgfx6Screen18handleGestureEventERKNS_12GestureEventE  touchgfx_core_wchar16.lib(screen.o)
    0x08045b0c   0x08045508   0x00000008   Data   RO         1039    .ARM.exidx.text._ZN8touchgfx6Screen3addERNS_8DrawableE  screen1viewbase.o
    0x08045b14   0x08045508   0x00000008   Data   RO         2546    .ARM.exidx.text._ZN8touchgfx6Screen4drawERNS_4RectE  touchgfx_core_wchar16.lib(screen.o)
    0x08045b1c   0x08045508   0x00000008   Data   RO         2550    .ARM.exidx.text._ZN8touchgfx6Screen4drawEv  touchgfx_core_wchar16.lib(screen.o)
    0x08045b24   0x08045508   0x00000008   Data   RO         2552    .ARM.exidx.text._ZN8touchgfx6Screen5JSMOCERKNS_4RectEPNS_8DrawableE  touchgfx_core_wchar16.lib(screen.o)
    0x08045b2c   0x08045508   0x00000008   Data   RO         2548    .ARM.exidx.text._ZN8touchgfx6Screen9startSMOCERKNS_4RectE  touchgfx_core_wchar16.lib(screen.o)
    0x08045b34   0x08045508   0x00000008   Data   RO         2544    .ARM.exidx.text._ZN8touchgfx6ScreenC2Ev  touchgfx_core_wchar16.lib(screen.o)
    0x08045b3c   0x08045508   0x00000008   Data   RO         2580    .ARM.exidx.text._ZN8touchgfx6ScreenD0Ev  touchgfx_core_wchar16.lib(screen.o)
    0x08045b44   0x08045508   0x00000008   Data   RO         2168    .ARM.exidx.text._ZN8touchgfx6Widget12getLastChildEssPPNS_8DrawableE  touchgfx_core_wchar16.lib(box.o)
    0x08045b4c   0x08045508   0x00000008   Data   RO         1049    .ARM.exidx.text._ZN8touchgfx6WidgetC2Ev  screen1viewbase.o
    0x08045b54   0x08045508   0x00000008   Data   RO         2334    .ARM.exidx.text._ZN8touchgfx8Drawable11setPositionEssss  touchgfx_core_wchar16.lib(drawable.o)
    0x08045b5c   0x08045508   0x00000008   Data   RO         2329    .ARM.exidx.text._ZN8touchgfx8Drawable12moveRelativeEss  touchgfx_core_wchar16.lib(drawable.o)
    0x08045b64   0x08045508   0x00000008   Data   RO         2570    .ARM.exidx.text._ZN8touchgfx8Drawable13getCachedAbsXEv  touchgfx_core_wchar16.lib(screen.o)
    0x08045b6c   0x08045508   0x00000008   Data   RO         2166    .ARM.exidx.text._ZN8touchgfx8Drawable13getFirstChildEv  touchgfx_core_wchar16.lib(box.o)
    0x08045b74   0x08045508   0x00000008   Data   RO         2493    .ARM.exidx.text._ZN8touchgfx8Drawable14setWidthHeightERKNS_6BitmapE  touchgfx_core_wchar16.lib(image.o)
    0x08045b7c   0x08045508   0x00000008   Data   RO         2340    .ARM.exidx.text._ZN8touchgfx8Drawable14setWidthHeightEss  touchgfx_core_wchar16.lib(drawable.o)
    0x08045b84   0x08045508   0x00000008   Data   RO         2190    .ARM.exidx.text._ZN8touchgfx8Drawable14setupDrawChainERKNS_4RectEPPS0_  touchgfx_core_wchar16.lib(box.o)
    0x08045b8c   0x08045508   0x00000008   Data   RO         2184    .ARM.exidx.text._ZN8touchgfx8Drawable15handleDragEventERKNS_9DragEventE  touchgfx_core_wchar16.lib(box.o)
    0x08045b94   0x08045508   0x00000008   Data   RO         2568    .ARM.exidx.text._ZN8touchgfx8Drawable20getCachedVisibleRectEv  touchgfx_core_wchar16.lib(screen.o)
    0x08045b9c   0x08045508   0x00000008   Data   RO         2319    .ARM.exidx.text._ZN8touchgfx8Drawable20getSolidRectAbsoluteEv  touchgfx_core_wchar16.lib(drawable.o)
    0x08045ba4   0x08045508   0x00000008   Data   RO         2170    .ARM.exidx.text._ZN8touchgfx8Drawable4setXEs  touchgfx_core_wchar16.lib(box.o)
    0x08045bac   0x08045508   0x00000008   Data   RO         2336    .ARM.exidx.text._ZN8touchgfx8Drawable5setXYEss  touchgfx_core_wchar16.lib(drawable.o)
    0x08045bb4   0x08045508   0x00000008   Data   RO         2327    .ARM.exidx.text._ZN8touchgfx8Drawable6expandEi  touchgfx_core_wchar16.lib(drawable.o)
    0x08045bbc   0x08045508   0x00000008   Data   RO         2188    .ARM.exidx.text._ZN8touchgfx8Drawable6moveToEss  touchgfx_core_wchar16.lib(box.o)
    0x08045bc4   0x08045508   0x00000008   Data   RO         2174    .ARM.exidx.text._ZN8touchgfx8Drawable8setWidthEs  touchgfx_core_wchar16.lib(box.o)
    0x08045bcc   0x08045508   0x00000008   Data   RO         2783    .ARM.exidx.text._ZN8touchgfx8Gestures17registerDragEventEtttt  touchgfx_core_wchar16.lib(gestures.o)
    0x08045bd4   0x08045508   0x00000008   Data   RO         2786    .ARM.exidx.text._ZN8touchgfx8Gestures18registerClickEventENS_10ClickEvent14ClickEventTypeEtt  touchgfx_core_wchar16.lib(gestures.o)
    0x08045bdc   0x08045508   0x00000008   Data   RO         2778    .ARM.exidx.text._ZN8touchgfx8Gestures21registerEventListenerERNS_15UIEventListenerE  touchgfx_core_wchar16.lib(gestures.o)
    0x08045be4   0x08045508   0x00000008   Data   RO         1604    .ARM.exidx.text._ZN8touchgfx8LCD16bpp10blitCopyL8EPKhS2_RKNS_4RectES5_h  touchgfx_core_wchar16.lib(lcd16bpp.o)
    0x08045bec   0x08045508   0x00000008   Data   RO         1880    .ARM.exidx.text._ZN8touchgfx8LCD16bpp10div255_565Eth  touchgfx_core_wchar16.lib(lcd16bpp.o)
    0x08045bf4   0x08045508   0x00000008   Data   RO         1866    .ARM.exidx.text._ZN8touchgfx8LCD16bpp10div255_888Ejh  touchgfx_core_wchar16.lib(lcd16bpp.o)
    0x08045bfc   0x08045508   0x00000008   Data   RO         1626    .ARM.exidx.text._ZN8touchgfx8LCD16bpp10fillBufferEPhtRKNS_4RectENS_9colortypeEh  touchgfx_core_wchar16.lib(lcd16bpp.o)
    0x08045c04   0x08045508   0x00000008   Data   RO         1602    .ARM.exidx.text._ZN8touchgfx8LCD16bpp14blitCopyRGB888EPKhRKNS_4RectES5_h  touchgfx_core_wchar16.lib(lcd16bpp.o)
    0x08045c0c   0x08045508   0x00000008   Data   RO         1822    .ARM.exidx.text._ZN8touchgfx8LCD16bpp14getNativeColorENS_9colortypeE  touchgfx_core_wchar16.lib(lcd16bpp.o)
    0x08045c14   0x08045508   0x00000008   Data   RO         1598    .ARM.exidx.text._ZN8touchgfx8LCD16bpp16blitCopyARGB8888EPKjRKNS_4RectES5_h  touchgfx_core_wchar16.lib(lcd16bpp.o)
    0x08045c1c   0x08045508   0x00000008   Data   RO         1608    .ARM.exidx.text._ZN8touchgfx8LCD16bpp17blitCopyL8_RGB565EPKhS2_RKNS_4RectES5_h  touchgfx_core_wchar16.lib(lcd16bpp.o)
    0x08045c24   0x08045508   0x00000008   Data   RO         1612    .ARM.exidx.text._ZN8touchgfx8LCD16bpp17blitCopyL8_RGB888EPKhS2_RKNS_4RectES5_h  touchgfx_core_wchar16.lib(lcd16bpp.o)
    0x08045c2c   0x08045508   0x00000008   Data   RO         1596    .ARM.exidx.text._ZN8touchgfx8LCD16bpp17drawPartialBitmapERKNS_6BitmapEssRKNS_4RectEhb  touchgfx_core_wchar16.lib(lcd16bpp.o)
    0x08045c34   0x08045508   0x00000008   Data   RO         1982    .ARM.exidx.text._ZN8touchgfx8LCD16bpp18div255_565_FFcheckEth  touchgfx_core_wchar16.lib(lcd16bpp.o)
    0x08045c3c   0x08045508   0x00000008   Data   RO         1978    .ARM.exidx.text._ZN8touchgfx8LCD16bpp18div255_888_FFcheckEjh  touchgfx_core_wchar16.lib(lcd16bpp.o)
    0x08045c44   0x08045508   0x00000008   Data   RO         1610    .ARM.exidx.text._ZN8touchgfx8LCD16bpp19blitCopyL8_ARGB8888EPKhS2_RKNS_4RectES5_h  touchgfx_core_wchar16.lib(lcd16bpp.o)
    0x08045c4c   0x08045508   0x00000008   Data   RO         1980    .ARM.exidx.text._ZN8touchgfx8LCD16bpp20bilinearInterpolate8Ehhh  touchgfx_core_wchar16.lib(lcd16bpp.o)
    0x08045c54   0x08045508   0x00000008   Data   RO         1606    .ARM.exidx.text._ZN8touchgfx8LCD16bpp21blitCopyAlphaPerPixelEPKtPKhRKNS_4RectES7_h  touchgfx_core_wchar16.lib(lcd16bpp.o)
    0x08045c5c   0x08045508   0x00000008   Data   RO         1636    .ARM.exidx.text._ZN8touchgfx8LCD16bpp21enableTextureMapperA4Ev  touchgfx_core_wchar16.lib(lcd16bpp.o)
    0x08045c64   0x08045508   0x00000008   Data   RO         1846    .ARM.exidx.text._ZN8touchgfx8LCD16bpp22bilinearInterpolate565Etttthh  touchgfx_core_wchar16.lib(lcd16bpp.o)
    0x08045c6c   0x08045508   0x00000008   Data   RO         1868    .ARM.exidx.text._ZN8touchgfx8LCD16bpp22bilinearInterpolate888Ejjjjhh  touchgfx_core_wchar16.lib(lcd16bpp.o)
    0x08045c74   0x08045508   0x00000008   Data   RO         1622    .ARM.exidx.text._ZN8touchgfx8LCD16bpp29copyAreaFromTFTToClientBufferERKNS_4RectE  touchgfx_core_wchar16.lib(lcd16bpp.o)
    0x08045c7c   0x08045508   0x00000008   Data   RO         1620    .ARM.exidx.text._ZN8touchgfx8LCD16bpp29copyFrameBufferRegionToMemoryERKNS_4RectES3_Phss  touchgfx_core_wchar16.lib(lcd16bpp.o)
    0x08045c84   0x08045508   0x00000008   Data   RO         1618    .ARM.exidx.text._ZN8touchgfx8LCD16bpp29copyFrameBufferRegionToMemoryERKNS_4RectES3_t  touchgfx_core_wchar16.lib(lcd16bpp.o)
    0x08045c8c   0x08045508   0x00000008   Data   RO         1640    .ARM.exidx.text._ZN8touchgfx8LCD16bpp30enableTextureMapperL8_ARGB8888Ev  touchgfx_core_wchar16.lib(lcd16bpp.o)
    0x08045c94   0x08045508   0x00000008   Data   RO         1775    .ARM.exidx.text._ZN8touchgfx8LCD16bpp35TextureMapper_A4_NearestNeighbor_GA34drawTextureMapScanLineSubdivisionsEiiiifffiiiifffffRKNS_14DrawingSurfaceEiiRKNS_14TextureSurfaceEhfff  touchgfx_core_wchar16.lib(lcd16bpp.o)
    0x08045c9c   0x08045508   0x00000008   Data   RO         1972    .ARM.exidx.text._ZN8touchgfx8LCD16bpp35TextureMapper_A4_NearestNeighbor_GAD0Ev  touchgfx_core_wchar16.lib(lcd16bpp.o)
    0x08045ca4   0x08045508   0x00000008   Data   RO         1778    .ARM.exidx.text._ZN8touchgfx8LCD16bpp37TextureMapper_A4_NearestNeighbor_NoGA34drawTextureMapScanLineSubdivisionsEiiiifffiiiifffffRKNS_14DrawingSurfaceEiiRKNS_14TextureSurfaceEhfff  touchgfx_core_wchar16.lib(lcd16bpp.o)
    0x08045cac   0x08045508   0x00000008   Data   RO         1974    .ARM.exidx.text._ZN8touchgfx8LCD16bpp37TextureMapper_A4_NearestNeighbor_NoGAD0Ev  touchgfx_core_wchar16.lib(lcd16bpp.o)
    0x08045cb4   0x08045508   0x00000008   Data   RO         1781    .ARM.exidx.text._ZN8touchgfx8LCD16bpp41TextureMapper_A4_BilinearInterpolation_GA34drawTextureMapScanLineSubdivisionsEiiiifffiiiifffffRKNS_14DrawingSurfaceEiiRKNS_14TextureSurfaceEhfff  touchgfx_core_wchar16.lib(lcd16bpp.o)
    0x08045cbc   0x08045508   0x00000008   Data   RO         1968    .ARM.exidx.text._ZN8touchgfx8LCD16bpp41TextureMapper_A4_BilinearInterpolation_GAD0Ev  touchgfx_core_wchar16.lib(lcd16bpp.o)
    0x08045cc4   0x08045508   0x00000008   Data   RO         1786    .ARM.exidx.text._ZN8touchgfx8LCD16bpp43TextureMapper_A4_BilinearInterpolation_NoGA34drawTextureMapScanLineSubdivisionsEiiiifffiiiifffffRKNS_14DrawingSurfaceEiiRKNS_14TextureSurfaceEhfff  touchgfx_core_wchar16.lib(lcd16bpp.o)
    0x08045ccc   0x08045508   0x00000008   Data   RO         1970    .ARM.exidx.text._ZN8touchgfx8LCD16bpp43TextureMapper_A4_BilinearInterpolation_NoGAD0Ev  touchgfx_core_wchar16.lib(lcd16bpp.o)
    0x08045cd4   0x08045508   0x00000008   Data   RO         1733    .ARM.exidx.text._ZN8touchgfx8LCD16bpp46TextureMapper_RGB565_Opaque_NearestNeighbor_GA34drawTextureMapScanLineSubdivisionsEiiiifffiiiifffffRKNS_14DrawingSurfaceEiiRKNS_14TextureSurfaceEhfff  touchgfx_core_wchar16.lib(lcd16bpp.o)
    0x08045cdc   0x08045508   0x00000008   Data   RO         1952    .ARM.exidx.text._ZN8touchgfx8LCD16bpp46TextureMapper_RGB565_Opaque_NearestNeighbor_GAD0Ev  touchgfx_core_wchar16.lib(lcd16bpp.o)
    0x08045ce4   0x08045508   0x00000008   Data   RO         1736    .ARM.exidx.text._ZN8touchgfx8LCD16bpp48TextureMapper_RGB565_Opaque_NearestNeighbor_NoGA34drawTextureMapScanLineSubdivisionsEiiiifffiiiifffffRKNS_14DrawingSurfaceEiiRKNS_14TextureSurfaceEhfff  touchgfx_core_wchar16.lib(lcd16bpp.o)
    0x08045cec   0x08045508   0x00000008   Data   RO         1954    .ARM.exidx.text._ZN8touchgfx8LCD16bpp48TextureMapper_RGB565_Opaque_NearestNeighbor_NoGAD0Ev  touchgfx_core_wchar16.lib(lcd16bpp.o)
    0x08045cf4   0x08045508   0x00000008   Data   RO         1679    .ARM.exidx.text._ZN8touchgfx8LCD16bpp49TextureMapper_L8_RGB565_Opaque_NearestNeighbor_GA34drawTextureMapScanLineSubdivisionsEiiiifffiiiifffffRKNS_14DrawingSurfaceEiiRKNS_14TextureSurfaceEhfff  touchgfx_core_wchar16.lib(lcd16bpp.o)
    0x08045cfc   0x08045508   0x00000008   Data   RO         1924    .ARM.exidx.text._ZN8touchgfx8LCD16bpp49TextureMapper_L8_RGB565_Opaque_NearestNeighbor_GAD0Ev  touchgfx_core_wchar16.lib(lcd16bpp.o)
    0x08045d04   0x08045508   0x00000008   Data   RO         1695    .ARM.exidx.text._ZN8touchgfx8LCD16bpp49TextureMapper_L8_RGB888_Opaque_NearestNeighbor_GA34drawTextureMapScanLineSubdivisionsEiiiifffiiiifffffRKNS_14DrawingSurfaceEiiRKNS_14TextureSurfaceEhfff  touchgfx_core_wchar16.lib(lcd16bpp.o)
    0x08045d0c   0x08045508   0x00000008   Data   RO         1932    .ARM.exidx.text._ZN8touchgfx8LCD16bpp49TextureMapper_L8_RGB888_Opaque_NearestNeighbor_GAD0Ev  touchgfx_core_wchar16.lib(lcd16bpp.o)
    0x08045d14   0x08045508   0x00000008   Data   RO         1727    .ARM.exidx.text._ZN8touchgfx8LCD16bpp49TextureMapper_RGB565_NonOpaque_NearestNeighbor_GA34drawTextureMapScanLineSubdivisionsEiiiifffiiiifffffRKNS_14DrawingSurfaceEiiRKNS_14TextureSurfaceEhfff  touchgfx_core_wchar16.lib(lcd16bpp.o)
    0x08045d1c   0x08045508   0x00000008   Data   RO         1956    .ARM.exidx.text._ZN8touchgfx8LCD16bpp49TextureMapper_RGB565_NonOpaque_NearestNeighbor_GAD0Ev  touchgfx_core_wchar16.lib(lcd16bpp.o)
    0x08045d24   0x08045508   0x00000008   Data   RO         1759    .ARM.exidx.text._ZN8touchgfx8LCD16bpp51TextureMapper_ARGB8888_NonOpaque_NearestNeighbor_GA34drawTextureMapScanLineSubdivisionsEiiiifffiiiifffffRKNS_14DrawingSurfaceEiiRKNS_14TextureSurfaceEhfff  touchgfx_core_wchar16.lib(lcd16bpp.o)
    0x08045d2c   0x08045508   0x00000008   Data   RO         1964    .ARM.exidx.text._ZN8touchgfx8LCD16bpp51TextureMapper_ARGB8888_NonOpaque_NearestNeighbor_GAD0Ev  touchgfx_core_wchar16.lib(lcd16bpp.o)
    0x08045d34   0x08045508   0x00000008   Data   RO         1682    .ARM.exidx.text._ZN8touchgfx8LCD16bpp51TextureMapper_L8_RGB565_Opaque_NearestNeighbor_NoGA34drawTextureMapScanLineSubdivisionsEiiiifffiiiifffffRKNS_14DrawingSurfaceEiiRKNS_14TextureSurfaceEhfff  touchgfx_core_wchar16.lib(lcd16bpp.o)
    0x08045d3c   0x08045508   0x00000008   Data   RO         1926    .ARM.exidx.text._ZN8touchgfx8LCD16bpp51TextureMapper_L8_RGB565_Opaque_NearestNeighbor_NoGAD0Ev  touchgfx_core_wchar16.lib(lcd16bpp.o)
    0x08045d44   0x08045508   0x00000008   Data   RO         1698    .ARM.exidx.text._ZN8touchgfx8LCD16bpp51TextureMapper_L8_RGB888_Opaque_NearestNeighbor_NoGA34drawTextureMapScanLineSubdivisionsEiiiifffiiiifffffRKNS_14DrawingSurfaceEiiRKNS_14TextureSurfaceEhfff  touchgfx_core_wchar16.lib(lcd16bpp.o)
    0x08045d4c   0x08045508   0x00000008   Data   RO         1934    .ARM.exidx.text._ZN8touchgfx8LCD16bpp51TextureMapper_L8_RGB888_Opaque_NearestNeighbor_NoGAD0Ev  touchgfx_core_wchar16.lib(lcd16bpp.o)
    0x08045d54   0x08045508   0x00000008   Data   RO         1730    .ARM.exidx.text._ZN8touchgfx8LCD16bpp51TextureMapper_RGB565_NonOpaque_NearestNeighbor_NoGA34drawTextureMapScanLineSubdivisionsEiiiifffiiiifffffRKNS_14DrawingSurfaceEiiRKNS_14TextureSurfaceEhfff  touchgfx_core_wchar16.lib(lcd16bpp.o)
    0x08045d5c   0x08045508   0x00000008   Data   RO         1958    .ARM.exidx.text._ZN8touchgfx8LCD16bpp51TextureMapper_RGB565_NonOpaque_NearestNeighbor_NoGAD0Ev  touchgfx_core_wchar16.lib(lcd16bpp.o)
    0x08045d64   0x08045508   0x00000008   Data   RO         1749    .ARM.exidx.text._ZN8touchgfx8LCD16bpp52TextureMapper_RGB565_Opaque_BilinearInterpolation_GA34drawTextureMapScanLineSubdivisionsEiiiifffiiiifffffRKNS_14DrawingSurfaceEiiRKNS_14TextureSurfaceEhfff  touchgfx_core_wchar16.lib(lcd16bpp.o)
    0x08045d6c   0x08045508   0x00000008   Data   RO         1944    .ARM.exidx.text._ZN8touchgfx8LCD16bpp52TextureMapper_RGB565_Opaque_BilinearInterpolation_GAD0Ev  touchgfx_core_wchar16.lib(lcd16bpp.o)
    0x08045d74   0x08045508   0x00000008   Data   RO         1762    .ARM.exidx.text._ZN8touchgfx8LCD16bpp53TextureMapper_ARGB8888_NonOpaque_NearestNeighbor_NoGA34drawTextureMapScanLineSubdivisionsEiiiifffiiiifffffRKNS_14DrawingSurfaceEiiRKNS_14TextureSurfaceEhfff  touchgfx_core_wchar16.lib(lcd16bpp.o)
    0x08045d7c   0x08045508   0x00000008   Data   RO         1966    .ARM.exidx.text._ZN8touchgfx8LCD16bpp53TextureMapper_ARGB8888_NonOpaque_NearestNeighbor_NoGAD0Ev  touchgfx_core_wchar16.lib(lcd16bpp.o)
    0x08045d84   0x08045508   0x00000008   Data   RO         1711    .ARM.exidx.text._ZN8touchgfx8LCD16bpp54TextureMapper_L8_ARGB8888_NonOpaque_NearestNeighbor_GA34drawTextureMapScanLineSubdivisionsEiiiifffiiiifffffRKNS_14DrawingSurfaceEiiRKNS_14TextureSurfaceEhfff  touchgfx_core_wchar16.lib(lcd16bpp.o)
    0x08045d8c   0x08045508   0x00000008   Data   RO         1940    .ARM.exidx.text._ZN8touchgfx8LCD16bpp54TextureMapper_L8_ARGB8888_NonOpaque_NearestNeighbor_GAD0Ev  touchgfx_core_wchar16.lib(lcd16bpp.o)
    0x08045d94   0x08045508   0x00000008   Data   RO         1754    .ARM.exidx.text._ZN8touchgfx8LCD16bpp54TextureMapper_RGB565_Opaque_BilinearInterpolation_NoGA34drawTextureMapScanLineSubdivisionsEiiiifffiiiifffffRKNS_14DrawingSurfaceEiiRKNS_14TextureSurfaceEhfff  touchgfx_core_wchar16.lib(lcd16bpp.o)
    0x08045d9c   0x08045508   0x00000008   Data   RO         1946    .ARM.exidx.text._ZN8touchgfx8LCD16bpp54TextureMapper_RGB565_Opaque_BilinearInterpolation_NoGAD0Ev  touchgfx_core_wchar16.lib(lcd16bpp.o)
    0x08045da4   0x08045508   0x00000008   Data   RO         1685    .ARM.exidx.text._ZN8touchgfx8LCD16bpp55TextureMapper_L8_RGB565_Opaque_BilinearInterpolation_GA34drawTextureMapScanLineSubdivisionsEiiiifffiiiifffffRKNS_14DrawingSurfaceEiiRKNS_14TextureSurfaceEhfff  touchgfx_core_wchar16.lib(lcd16bpp.o)
    0x08045dac   0x08045508   0x00000008   Data   RO         1920    .ARM.exidx.text._ZN8touchgfx8LCD16bpp55TextureMapper_L8_RGB565_Opaque_BilinearInterpolation_GAD0Ev  touchgfx_core_wchar16.lib(lcd16bpp.o)
    0x08045db4   0x08045508   0x00000008   Data   RO         1701    .ARM.exidx.text._ZN8touchgfx8LCD16bpp55TextureMapper_L8_RGB888_Opaque_BilinearInterpolation_GA34drawTextureMapScanLineSubdivisionsEiiiifffiiiifffffRKNS_14DrawingSurfaceEiiRKNS_14TextureSurfaceEhfff  touchgfx_core_wchar16.lib(lcd16bpp.o)
    0x08045dbc   0x08045508   0x00000008   Data   RO         1928    .ARM.exidx.text._ZN8touchgfx8LCD16bpp55TextureMapper_L8_RGB888_Opaque_BilinearInterpolation_GAD0Ev  touchgfx_core_wchar16.lib(lcd16bpp.o)
    0x08045dc4   0x08045508   0x00000008   Data   RO         1739    .ARM.exidx.text._ZN8touchgfx8LCD16bpp55TextureMapper_RGB565_NonOpaque_BilinearInterpolation_GA34drawTextureMapScanLineSubdivisionsEiiiifffiiiifffffRKNS_14DrawingSurfaceEiiRKNS_14TextureSurfaceEhfff  touchgfx_core_wchar16.lib(lcd16bpp.o)
    0x08045dcc   0x08045508   0x00000008   Data   RO         1948    .ARM.exidx.text._ZN8touchgfx8LCD16bpp55TextureMapper_RGB565_NonOpaque_BilinearInterpolation_GAD0Ev  touchgfx_core_wchar16.lib(lcd16bpp.o)
    0x08045dd4   0x08045508   0x00000008   Data   RO         1714    .ARM.exidx.text._ZN8touchgfx8LCD16bpp56TextureMapper_L8_ARGB8888_NonOpaque_NearestNeighbor_NoGA34drawTextureMapScanLineSubdivisionsEiiiifffiiiifffffRKNS_14DrawingSurfaceEiiRKNS_14TextureSurfaceEhfff  touchgfx_core_wchar16.lib(lcd16bpp.o)
    0x08045ddc   0x08045508   0x00000008   Data   RO         1942    .ARM.exidx.text._ZN8touchgfx8LCD16bpp56TextureMapper_L8_ARGB8888_NonOpaque_NearestNeighbor_NoGAD0Ev  touchgfx_core_wchar16.lib(lcd16bpp.o)
    0x08045de4   0x08045508   0x00000008   Data   RO         1765    .ARM.exidx.text._ZN8touchgfx8LCD16bpp57TextureMapper_ARGB8888_NonOpaque_BilinearInterpolation_GA34drawTextureMapScanLineSubdivisionsEiiiifffiiiifffffRKNS_14DrawingSurfaceEiiRKNS_14TextureSurfaceEhfff  touchgfx_core_wchar16.lib(lcd16bpp.o)
    0x08045dec   0x08045508   0x00000008   Data   RO         1960    .ARM.exidx.text._ZN8touchgfx8LCD16bpp57TextureMapper_ARGB8888_NonOpaque_BilinearInterpolation_GAD0Ev  touchgfx_core_wchar16.lib(lcd16bpp.o)
    0x08045df4   0x08045508   0x00000008   Data   RO         1690    .ARM.exidx.text._ZN8touchgfx8LCD16bpp57TextureMapper_L8_RGB565_Opaque_BilinearInterpolation_NoGA34drawTextureMapScanLineSubdivisionsEiiiifffiiiifffffRKNS_14DrawingSurfaceEiiRKNS_14TextureSurfaceEhfff  touchgfx_core_wchar16.lib(lcd16bpp.o)
    0x08045dfc   0x08045508   0x00000008   Data   RO         1922    .ARM.exidx.text._ZN8touchgfx8LCD16bpp57TextureMapper_L8_RGB565_Opaque_BilinearInterpolation_NoGAD0Ev  touchgfx_core_wchar16.lib(lcd16bpp.o)
    0x08045e04   0x08045508   0x00000008   Data   RO         1706    .ARM.exidx.text._ZN8touchgfx8LCD16bpp57TextureMapper_L8_RGB888_Opaque_BilinearInterpolation_NoGA34drawTextureMapScanLineSubdivisionsEiiiifffiiiifffffRKNS_14DrawingSurfaceEiiRKNS_14TextureSurfaceEhfff  touchgfx_core_wchar16.lib(lcd16bpp.o)
    0x08045e0c   0x08045508   0x00000008   Data   RO         1930    .ARM.exidx.text._ZN8touchgfx8LCD16bpp57TextureMapper_L8_RGB888_Opaque_BilinearInterpolation_NoGAD0Ev  touchgfx_core_wchar16.lib(lcd16bpp.o)
    0x08045e14   0x08045508   0x00000008   Data   RO         1744    .ARM.exidx.text._ZN8touchgfx8LCD16bpp57TextureMapper_RGB565_NonOpaque_BilinearInterpolation_NoGA34drawTextureMapScanLineSubdivisionsEiiiifffiiiifffffRKNS_14DrawingSurfaceEiiRKNS_14TextureSurfaceEhfff  touchgfx_core_wchar16.lib(lcd16bpp.o)
    0x08045e1c   0x08045508   0x00000008   Data   RO         1950    .ARM.exidx.text._ZN8touchgfx8LCD16bpp57TextureMapper_RGB565_NonOpaque_BilinearInterpolation_NoGAD0Ev  touchgfx_core_wchar16.lib(lcd16bpp.o)
    0x08045e24   0x08045508   0x00000008   Data   RO         1770    .ARM.exidx.text._ZN8touchgfx8LCD16bpp59TextureMapper_ARGB8888_NonOpaque_BilinearInterpolation_NoGA34drawTextureMapScanLineSubdivisionsEiiiifffiiiifffffRKNS_14DrawingSurfaceEiiRKNS_14TextureSurfaceEhfff  touchgfx_core_wchar16.lib(lcd16bpp.o)
    0x08045e2c   0x08045508   0x00000008   Data   RO         1962    .ARM.exidx.text._ZN8touchgfx8LCD16bpp59TextureMapper_ARGB8888_NonOpaque_BilinearInterpolation_NoGAD0Ev  touchgfx_core_wchar16.lib(lcd16bpp.o)
    0x08045e34   0x08045508   0x00000008   Data   RO         1717    .ARM.exidx.text._ZN8touchgfx8LCD16bpp60TextureMapper_L8_ARGB8888_NonOpaque_BilinearInterpolation_GA34drawTextureMapScanLineSubdivisionsEiiiifffiiiifffffRKNS_14DrawingSurfaceEiiRKNS_14TextureSurfaceEhfff  touchgfx_core_wchar16.lib(lcd16bpp.o)
    0x08045e3c   0x08045508   0x00000008   Data   RO         1936    .ARM.exidx.text._ZN8touchgfx8LCD16bpp60TextureMapper_L8_ARGB8888_NonOpaque_BilinearInterpolation_GAD0Ev  touchgfx_core_wchar16.lib(lcd16bpp.o)
    0x08045e44   0x08045508   0x00000008   Data   RO         1722    .ARM.exidx.text._ZN8touchgfx8LCD16bpp62TextureMapper_L8_ARGB8888_NonOpaque_BilinearInterpolation_NoGA34drawTextureMapScanLineSubdivisionsEiiiifffiiiifffffRKNS_14DrawingSurfaceEiiRKNS_14TextureSurfaceEhfff  touchgfx_core_wchar16.lib(lcd16bpp.o)
    0x08045e4c   0x08045508   0x00000008   Data   RO         1938    .ARM.exidx.text._ZN8touchgfx8LCD16bpp62TextureMapper_L8_ARGB8888_NonOpaque_BilinearInterpolation_NoGAD0Ev  touchgfx_core_wchar16.lib(lcd16bpp.o)
    0x08045e54   0x08045508   0x00000008   Data   RO         1616    .ARM.exidx.text._ZN8touchgfx8LCD16bpp8blitCopyEPKhNS_6Bitmap12BitmapFormatERKNS_4RectES7_hb  touchgfx_core_wchar16.lib(lcd16bpp.o)
    0x08045e5c   0x08045508   0x00000008   Data   RO         1614    .ARM.exidx.text._ZN8touchgfx8LCD16bpp8blitCopyEPKtRKNS_4RectES5_hb  touchgfx_core_wchar16.lib(lcd16bpp.o)
    0x08045e64   0x08045508   0x00000008   Data   RO         1624    .ARM.exidx.text._ZN8touchgfx8LCD16bpp8fillRectERKNS_4RectENS_9colortypeEh  touchgfx_core_wchar16.lib(lcd16bpp.o)
    0x08045e6c   0x08045508   0x00000008   Data   RO         1630    .ARM.exidx.text._ZN8touchgfx8LCD16bpp8nextLineEbNS_12TextRotationE  touchgfx_core_wchar16.lib(lcd16bpp.o)
    0x08045e74   0x08045508   0x00000008   Data   RO         1632    .ARM.exidx.text._ZN8touchgfx8LCD16bpp9drawGlyphEPtNS_4RectEssttRKS2_PKNS_9GlyphNodeEPKhhNS_9colortypeEhhNS_12TextRotationE  touchgfx_core_wchar16.lib(lcd16bpp.o)
    0x08045e7c   0x08045508   0x00000008   Data   RO         1628    .ARM.exidx.text._ZN8touchgfx8LCD16bpp9nextPixelEbNS_12TextRotationE  touchgfx_core_wchar16.lib(lcd16bpp.o)
    0x08045e84   0x08045508   0x00000008   Data   RO         2245    .ARM.exidx.text._ZN8touchgfx9Container12forEachChildEPNS_15GenericCallbackIRNS_8DrawableEvvEE  touchgfx_core_wchar16.lib(container.o)
    0x08045e8c   0x08045508   0x00000008   Data   RO         2235    .ARM.exidx.text._ZN8touchgfx9Container12getLastChildEssPPNS_8DrawableE  touchgfx_core_wchar16.lib(container.o)
    0x08045e94   0x08045508   0x00000008   Data   RO         2260    .ARM.exidx.text._ZN8touchgfx9Container13getFirstChildEv  touchgfx_core_wchar16.lib(container.o)
    0x08045e9c   0x08045508   0x00000008   Data   RO         2249    .ARM.exidx.text._ZN8touchgfx9Container14setupDrawChainERKNS_4RectEPPNS_8DrawableE  touchgfx_core_wchar16.lib(container.o)
    0x08045ea4   0x08045508   0x00000008   Data   RO         2237    .ARM.exidx.text._ZN8touchgfx9Container16getLastChildNearEssPPNS_8DrawableEPsS4_  touchgfx_core_wchar16.lib(container.o)
    0x08045eac   0x08045508   0x00000008   Data   RO         2243    .ARM.exidx.text._ZN8touchgfx9Container20moveChildrenRelativeEss  touchgfx_core_wchar16.lib(container.o)
    0x08045eb4   0x08045508   0x00000008   Data   RO         2225    .ARM.exidx.text._ZN8touchgfx9Container3addERNS_8DrawableE  touchgfx_core_wchar16.lib(container.o)
    0x08045ebc   0x08045508   0x00000008   Data   RO         2247    .ARM.exidx.text._ZN8touchgfx9Container6insertEPNS_8DrawableERS1_  touchgfx_core_wchar16.lib(container.o)
    0x08045ec4   0x08045508   0x00000008   Data   RO         2227    .ARM.exidx.text._ZN8touchgfx9Container6removeERNS_8DrawableE  touchgfx_core_wchar16.lib(container.o)
    0x08045ecc   0x08045508   0x00000008   Data   RO         3465    .ARM.exidx.text._ZN9libunwind12UnwindCursorINS_17LocalAddressSpaceENS_13Registers_armEE10saveVFPAsXEv  libunwind_wx.l(libunwind.cpp.o)
    0x08045ed4   0x08045508   0x00000008   Data   RO         3447    .ARM.exidx.text._ZN9libunwind12UnwindCursorINS_17LocalAddressSpaceENS_13Registers_armEE11getFloatRegEi  libunwind_wx.l(libunwind.cpp.o)
    0x08045edc   0x08045508   0x00000008   Data   RO         3449    .ARM.exidx.text._ZN9libunwind12UnwindCursorINS_17LocalAddressSpaceENS_13Registers_armEE11setFloatRegEiy  libunwind_wx.l(libunwind.cpp.o)
    0x08045ee4   0x08045508   0x00000008   Data   RO         3457    .ARM.exidx.text._ZN9libunwind12UnwindCursorINS_17LocalAddressSpaceENS_13Registers_armEE13isSignalFrameEv  libunwind_wx.l(libunwind.cpp.o)
    0x08045eec   0x08045508   0x00000008   Data   RO         3467    .ARM.exidx.text._ZN9libunwind12UnwindCursorINS_17LocalAddressSpaceENS_13Registers_armEE13stepWithEHABIEv  libunwind_wx.l(libunwind.cpp.o)
    0x08045ef4   0x08045508   0x00000008   Data   RO         3445    .ARM.exidx.text._ZN9libunwind12UnwindCursorINS_17LocalAddressSpaceENS_13Registers_armEE13validFloatRegEi  libunwind_wx.l(libunwind.cpp.o)
    0x08045efc   0x08045508   0x00000008   Data   RO         3459    .ARM.exidx.text._ZN9libunwind12UnwindCursorINS_17LocalAddressSpaceENS_13Registers_armEE15getFunctionNameEPcjPj  libunwind_wx.l(libunwind.cpp.o)
    0x08045f04   0x08045508   0x00000008   Data   RO         3463    .ARM.exidx.text._ZN9libunwind12UnwindCursorINS_17LocalAddressSpaceENS_13Registers_armEE15getRegisterNameEi  libunwind_wx.l(libunwind.cpp.o)
    0x08045f0c   0x08045508   0x00000008   Data   RO         3471    .ARM.exidx.text._ZN9libunwind12UnwindCursorINS_17LocalAddressSpaceENS_13Registers_armEE23getInfoFromEHABISectionEjRKNS_18UnwindInfoSectionsE  libunwind_wx.l(libunwind.cpp.o)
    0x08045f14   0x08045508   0x00000008   Data   RO         3461    .ARM.exidx.text._ZN9libunwind12UnwindCursorINS_17LocalAddressSpaceENS_13Registers_armEE24setInfoBasedOnIPRegisterEb  libunwind_wx.l(libunwind.cpp.o)
    0x08045f1c   0x08045508   0x00000008   Data   RO         3451    .ARM.exidx.text._ZN9libunwind12UnwindCursorINS_17LocalAddressSpaceENS_13Registers_armEE4stepEv  libunwind_wx.l(libunwind.cpp.o)
    0x08045f24   0x08045508   0x00000008   Data   RO         3441    .ARM.exidx.text._ZN9libunwind12UnwindCursorINS_17LocalAddressSpaceENS_13Registers_armEE6getRegEi  libunwind_wx.l(libunwind.cpp.o)
    0x08045f2c   0x08045508   0x00000008   Data   RO         3455    .ARM.exidx.text._ZN9libunwind12UnwindCursorINS_17LocalAddressSpaceENS_13Registers_armEE6jumptoEv  libunwind_wx.l(libunwind.cpp.o)
    0x08045f34   0x08045508   0x00000008   Data   RO         3443    .ARM.exidx.text._ZN9libunwind12UnwindCursorINS_17LocalAddressSpaceENS_13Registers_armEE6setRegEij  libunwind_wx.l(libunwind.cpp.o)
    0x08045f3c   0x08045508   0x00000008   Data   RO         3453    .ARM.exidx.text._ZN9libunwind12UnwindCursorINS_17LocalAddressSpaceENS_13Registers_armEE7getInfoEP15unw_proc_info_t  libunwind_wx.l(libunwind.cpp.o)
    0x08045f44   0x08045508   0x00000008   Data   RO         3439    .ARM.exidx.text._ZN9libunwind12UnwindCursorINS_17LocalAddressSpaceENS_13Registers_armEE8validRegEi  libunwind_wx.l(libunwind.cpp.o)
    0x08045f4c   0x08045508   0x00000008   Data   RO         3469    .ARM.exidx.text._ZN9libunwind13Registers_arm26restoreSavedFloatRegistersEv  libunwind_wx.l(libunwind.cpp.o)
    0x08045f54   0x08045508   0x00000008   Data   RO         3435    .ARM.exidx.text._ZN9libunwind20AbstractUnwindCursorD2Ev  libunwind_wx.l(libunwind.cpp.o)
    0x08045f5c   0x08045508   0x00000008   Data   RO         3681    .ARM.exidx.text._ZNK10__cxxabiv117__class_type_info16search_above_dstEPNS_19__dynamic_cast_infoEPKvS4_ib  libcppabi_wx.l(private_typeinfo.cpp.o)
    0x08045f64   0x08045508   0x00000008   Data   RO         3675    .ARM.exidx.text._ZNK10__cxxabiv117__class_type_info16search_below_dstEPNS_19__dynamic_cast_infoEPKvib  libcppabi_wx.l(private_typeinfo.cpp.o)
    0x08045f6c   0x08045508   0x00000008   Data   RO         3643    .ARM.exidx.text._ZNK10__cxxabiv117__class_type_info27has_unambiguous_public_baseEPNS_19__dynamic_cast_infoEPvi  libcppabi_wx.l(private_typeinfo.cpp.o)
    0x08045f74   0x08045508   0x00000008   Data   RO         3639    .ARM.exidx.text._ZNK10__cxxabiv117__class_type_info9can_catchEPKNS_16__shim_type_infoERPv  libcppabi_wx.l(private_typeinfo.cpp.o)
    0x08045f7c   0x08045508   0x00000008   Data   RO         3651    .ARM.exidx.text._ZNK10__cxxabiv117__pbase_type_info9can_catchEPKNS_16__shim_type_infoERPv  libcppabi_wx.l(private_typeinfo.cpp.o)
    0x08045f84   0x08045508   0x00000008   Data   RO         3655    .ARM.exidx.text._ZNK10__cxxabiv119__pointer_type_info16can_catch_nestedEPKNS_16__shim_type_infoE  libcppabi_wx.l(private_typeinfo.cpp.o)
    0x08045f8c   0x08045508   0x00000008   Data   RO         3653    .ARM.exidx.text._ZNK10__cxxabiv119__pointer_type_info9can_catchEPKNS_16__shim_type_infoERPv  libcppabi_wx.l(private_typeinfo.cpp.o)
    0x08045f94   0x08045508   0x00000008   Data   RO         3679    .ARM.exidx.text._ZNK10__cxxabiv120__si_class_type_info16search_above_dstEPNS_19__dynamic_cast_infoEPKvS4_ib  libcppabi_wx.l(private_typeinfo.cpp.o)
    0x08045f9c   0x08045508   0x00000008   Data   RO         3645    .ARM.exidx.text._ZNK10__cxxabiv120__si_class_type_info27has_unambiguous_public_baseEPNS_19__dynamic_cast_infoEPvi  libcppabi_wx.l(private_typeinfo.cpp.o)
    0x08045fa4   0x08045508   0x00000008   Data   RO         3677    .ARM.exidx.text._ZNK10__cxxabiv121__vmi_class_type_info16search_above_dstEPNS_19__dynamic_cast_infoEPKvS4_ib  libcppabi_wx.l(private_typeinfo.cpp.o)
    0x08045fac   0x08045508   0x00000008   Data   RO         3631    .ARM.exidx.text._ZNK10__cxxabiv123__fundamental_type_info9can_catchEPKNS_16__shim_type_infoERPv  libcppabi_wx.l(private_typeinfo.cpp.o)
    0x08045fb4   0x08045508   0x00000008   Data   RO         3657    .ARM.exidx.text._ZNK10__cxxabiv129__pointer_to_member_type_info16can_catch_nestedEPKNS_16__shim_type_infoE  libcppabi_wx.l(private_typeinfo.cpp.o)
    0x08045fbc   0x08045508   0x00000008   Data   RO         3659    .ARM.exidx.text._ZNK10__cxxabiv129__pointer_to_member_type_info9can_catchEPKNS_16__shim_type_infoERPv  libcppabi_wx.l(private_typeinfo.cpp.o)
    0x08045fc4   0x08045508   0x00000008   Data   RO          779    .ARM.exidx.text._ZNK8touchgfx10CachedFont12getGSUBTableEv  cachedfont.o
    0x08045fcc   0x08045508   0x00000008   Data   RO         2164    .ARM.exidx.text._ZNK8touchgfx3Box17invalidateContentEv  touchgfx_core_wchar16.lib(box.o)
    0x08045fd4   0x08045508   0x00000008   Data   RO         2157    .ARM.exidx.text._ZNK8touchgfx3Box4drawERKNS_4RectE  touchgfx_core_wchar16.lib(box.o)
    0x08045fdc   0x08045508   0x00000008   Data   RO         2428    .ARM.exidx.text._ZNK8touchgfx3HAL11getBitDepthENS_6Bitmap12BitmapFormatE  touchgfx_core_wchar16.lib(hal.o)
    0x08045fe4   0x08045508   0x00000008   Data   RO         2408    .ARM.exidx.text._ZNK8touchgfx3HAL13getDstAddressEttPt  touchgfx_core_wchar16.lib(hal.o)
    0x08045fec   0x08045508   0x00000008   Data   RO         2400    .ARM.exidx.text._ZNK8touchgfx3HAL13getDstAddressEttPttNS_6Bitmap12BitmapFormatE  touchgfx_core_wchar16.lib(hal.o)
    0x08045ff4   0x08045508   0x00000008   Data   RO         2347    .ARM.exidx.text._ZNK8touchgfx4Font12getCharWidthEt  touchgfx_core_wchar16.lib(font.o)
    0x08045ffc   0x08045508   0x00000008   Data   RO         2218    .ARM.exidx.text._ZNK8touchgfx4Font12getGSUBTableEv  touchgfx_core_wchar16.lib(constfont.o)
    0x08046004   0x08045508   0x00000008   Data   RO         2353    .ARM.exidx.text._ZNK8touchgfx4Font13getFontHeightEv  touchgfx_core_wchar16.lib(font.o)
    0x0804600c   0x08045508   0x00000008   Data   RO         2214    .ARM.exidx.text._ZNK8touchgfx4Font15getBitsPerPixelEv  touchgfx_core_wchar16.lib(constfont.o)
    0x08046014   0x08045508   0x00000008   Data   RO         2357    .ARM.exidx.text._ZNK8touchgfx4Font15getSpacingAboveEPKtz  touchgfx_core_wchar16.lib(font.o)
    0x0804601c   0x08045508   0x00000008   Data   RO         2355    .ARM.exidx.text._ZNK8touchgfx4Font16getNumberOfLinesEPKtz  touchgfx_core_wchar16.lib(font.o)
    0x08046024   0x08045508   0x00000008   Data   RO         2343    .ARM.exidx.text._ZNK8touchgfx4Font17getStringWidthLTREhPKtSt9__va_list  touchgfx_core_wchar16.lib(font.o)
    0x0804602c   0x08045508   0x00000008   Data   RO         2351    .ARM.exidx.text._ZNK8touchgfx4Font20getMinimumTextHeightEv  touchgfx_core_wchar16.lib(font.o)
    0x08046034   0x08045508   0x00000008   Data   RO         2204    .ARM.exidx.text._ZNK8touchgfx4Font8getGlyphEt  touchgfx_core_wchar16.lib(constfont.o)
    0x0804603c   0x08045508   0x00000008   Data   RO         2212    .ARM.exidx.text._ZNK8touchgfx4Font9getHeightEv  touchgfx_core_wchar16.lib(constfont.o)
    0x08046044   0x08045508   0x00000008   Data   RO         2043    .ARM.exidx.text._ZNK8touchgfx4Rect8includesERKS0_  touchgfx_core_wchar16.lib(application.o)
    0x0804604c   0x08045508   0x00000008   Data   RO         2047    .ARM.exidx.text._ZNK8touchgfx4Rect9intersectERKS0_  touchgfx_core_wchar16.lib(application.o)
    0x08046054   0x08045508   0x00000008   Data   RO         2254    .ARM.exidx.text._ZNK8touchgfx4Rect9intersectEss  touchgfx_core_wchar16.lib(container.o)
    0x0804605c   0x08045508   0x00000008   Data   RO         2053    .ARM.exidx.text._ZNK8touchgfx4RectanERKS0_  touchgfx_core_wchar16.lib(application.o)
    0x08046064   0x08045508   0x00000008   Data   RO         2497    .ARM.exidx.text._ZNK8touchgfx5Image17invalidateContentEv  touchgfx_core_wchar16.lib(image.o)
    0x0804606c   0x08045508   0x00000008   Data   RO         2488    .ARM.exidx.text._ZNK8touchgfx5Image4drawERKNS_4RectE  touchgfx_core_wchar16.lib(image.o)
    0x08046074   0x08045508   0x00000008   Data   RO         2098    .ARM.exidx.text._ZNK8touchgfx6Bitmap12getExtraDataEv  touchgfx_core_wchar16.lib(bitmap.o)
    0x0804607c   0x08045508   0x00000008   Data   RO         2152    .ARM.exidx.text._ZNK8touchgfx6Bitmap7getRectEv  touchgfx_core_wchar16.lib(bitmap.o)
    0x08046084   0x08045508   0x00000008   Data   RO         2092    .ARM.exidx.text._ZNK8touchgfx6Bitmap8getWidthEv  touchgfx_core_wchar16.lib(bitmap.o)
    0x0804608c   0x08045508   0x00000008   Data   RO         2096    .ARM.exidx.text._ZNK8touchgfx6Bitmap9getFormatEv  touchgfx_core_wchar16.lib(bitmap.o)
    0x08046094   0x08045508   0x00000008   Data   RO         2094    .ARM.exidx.text._ZNK8touchgfx6Bitmap9getHeightEv  touchgfx_core_wchar16.lib(bitmap.o)
    0x0804609c   0x08045508   0x00000008   Data   RO         2317    .ARM.exidx.text._ZNK8touchgfx8Drawable10invalidateEv  touchgfx_core_wchar16.lib(drawable.o)
    0x080460a4   0x08045508   0x00000008   Data   RO         2321    .ARM.exidx.text._ZNK8touchgfx8Drawable14getVisibleRectERNS_4RectE  touchgfx_core_wchar16.lib(drawable.o)
    0x080460ac   0x08045508   0x00000008   Data   RO         2323    .ARM.exidx.text._ZNK8touchgfx8Drawable15getAbsoluteRectEv  touchgfx_core_wchar16.lib(drawable.o)
    0x080460b4   0x08045508   0x00000008   Data   RO         2258    .ARM.exidx.text._ZNK8touchgfx8Drawable17invalidateContentEv  touchgfx_core_wchar16.lib(container.o)
    0x080460bc   0x08045508   0x00000008   Data   RO         1912    .ARM.exidx.text._ZNK8touchgfx8LCD16bpp17framebufferFormatEv  touchgfx_core_wchar16.lib(lcd16bpp.o)
    0x080460c4   0x08045508   0x00000008   Data   RO         1600    .ARM.exidx.text._ZNK8touchgfx8LCD16bpp21blitCopyARGB8888SolidEPKjRKNS_4RectES5_  touchgfx_core_wchar16.lib(lcd16bpp.o)
    0x080460cc   0x08045508   0x00000008   Data   RO         1836    .ARM.exidx.text._ZNK8touchgfx8LCD16bpp28DrawTextureMapScanLineBase1627overrunCheckNearestNeighborERPtRiS4_S4_iiss  touchgfx_core_wchar16.lib(lcd16bpp.o)
    0x080460d4   0x08045508   0x00000008   Data   RO         1842    .ARM.exidx.text._ZNK8touchgfx8LCD16bpp28DrawTextureMapScanLineBase1633overrunCheckBilinearInterpolationERPtRiS4_S4_iiss  touchgfx_core_wchar16.lib(lcd16bpp.o)
    0x080460dc   0x08045508   0x00000008   Data   RO         1896    .ARM.exidx.text._ZNK8touchgfx8LCD16bpp35TextureMapper_A4_NearestNeighbor_GA10writePixelEPthh  touchgfx_core_wchar16.lib(lcd16bpp.o)
    0x080460e4   0x08045508   0x00000008   Data   RO         1888    .ARM.exidx.text._ZNK8touchgfx8LCD16bpp51TextureMapper_ARGB8888_NonOpaque_NearestNeighbor_GA10writePixelEPtPKjsiih  touchgfx_core_wchar16.lib(lcd16bpp.o)
    0x080460ec   0x08045508   0x00000008   Data   RO         1852    .ARM.exidx.text._ZNK8touchgfx8LCD16bpp51TextureMapper_L8_RGB888_Opaque_NearestNeighbor_NoGA10writePixelEPtPKhS4_sii  touchgfx_core_wchar16.lib(lcd16bpp.o)
    0x080460f4   0x08045508   0x00000008   Data   RO         1884    .ARM.exidx.text._ZNK8touchgfx8LCD16bpp52TextureMapper_RGB565_Opaque_BilinearInterpolation_GA10writePixelEPtPKtsiihhh  touchgfx_core_wchar16.lib(lcd16bpp.o)
    0x080460fc   0x08045508   0x00000008   Data   RO         1890    .ARM.exidx.text._ZNK8touchgfx8LCD16bpp53TextureMapper_ARGB8888_NonOpaque_NearestNeighbor_NoGA10writePixelEPtPKjsii  touchgfx_core_wchar16.lib(lcd16bpp.o)
    0x08046104   0x08045508   0x00000008   Data   RO         1886    .ARM.exidx.text._ZNK8touchgfx8LCD16bpp54TextureMapper_RGB565_Opaque_BilinearInterpolation_NoGA10writePixelEPtPKtsiihh  touchgfx_core_wchar16.lib(lcd16bpp.o)
    0x0804610c   0x08045508   0x00000008   Data   RO         1756    .ARM.exidx.text._ZNK8touchgfx8LCD16bpp54TextureMapper_RGB565_Opaque_BilinearInterpolation_NoGA16writePixelOnEdgeEPtPKtssiihh  touchgfx_core_wchar16.lib(lcd16bpp.o)
    0x08046114   0x08045508   0x00000008   Data   RO         1844    .ARM.exidx.text._ZNK8touchgfx8LCD16bpp55TextureMapper_L8_RGB565_Opaque_BilinearInterpolation_GA10writePixelEPtPKhPKtsiihhh  touchgfx_core_wchar16.lib(lcd16bpp.o)
    0x0804611c   0x08045508   0x00000008   Data   RO         1854    .ARM.exidx.text._ZNK8touchgfx8LCD16bpp55TextureMapper_L8_RGB888_Opaque_BilinearInterpolation_GA10writePixelEPtPKhS4_siihhh  touchgfx_core_wchar16.lib(lcd16bpp.o)
    0x08046124   0x08045508   0x00000008   Data   RO         1703    .ARM.exidx.text._ZNK8touchgfx8LCD16bpp55TextureMapper_L8_RGB888_Opaque_BilinearInterpolation_GA16writePixelOnEdgeEPtPKhS4_ssiihhh  touchgfx_core_wchar16.lib(lcd16bpp.o)
    0x0804612c   0x08045508   0x00000008   Data   RO         1878    .ARM.exidx.text._ZNK8touchgfx8LCD16bpp55TextureMapper_RGB565_NonOpaque_BilinearInterpolation_GA10writePixelEPtPKtPKhsiihhh  touchgfx_core_wchar16.lib(lcd16bpp.o)
    0x08046134   0x08045508   0x00000008   Data   RO         1862    .ARM.exidx.text._ZNK8touchgfx8LCD16bpp56TextureMapper_L8_ARGB8888_NonOpaque_NearestNeighbor_NoGA10writePixelEPtPKhPKjsii  touchgfx_core_wchar16.lib(lcd16bpp.o)
    0x0804613c   0x08045508   0x00000008   Data   RO         1892    .ARM.exidx.text._ZNK8touchgfx8LCD16bpp57TextureMapper_ARGB8888_NonOpaque_BilinearInterpolation_GA10writePixelEPtPKjsiihhh  touchgfx_core_wchar16.lib(lcd16bpp.o)
    0x08046144   0x08045508   0x00000008   Data   RO         1767    .ARM.exidx.text._ZNK8touchgfx8LCD16bpp57TextureMapper_ARGB8888_NonOpaque_BilinearInterpolation_GA16writePixelOnEdgeEPtPKjssiihhh  touchgfx_core_wchar16.lib(lcd16bpp.o)
    0x0804614c   0x08045508   0x00000008   Data   RO         1848    .ARM.exidx.text._ZNK8touchgfx8LCD16bpp57TextureMapper_L8_RGB565_Opaque_BilinearInterpolation_NoGA10writePixelEPtPKhPKtsiihh  touchgfx_core_wchar16.lib(lcd16bpp.o)
    0x08046154   0x08045508   0x00000008   Data   RO         1692    .ARM.exidx.text._ZNK8touchgfx8LCD16bpp57TextureMapper_L8_RGB565_Opaque_BilinearInterpolation_NoGA16writePixelOnEdgeEPtPKhPKtssiihh  touchgfx_core_wchar16.lib(lcd16bpp.o)
    0x0804615c   0x08045508   0x00000008   Data   RO         1858    .ARM.exidx.text._ZNK8touchgfx8LCD16bpp57TextureMapper_L8_RGB888_Opaque_BilinearInterpolation_NoGA10writePixelEPtPKhS4_siihh  touchgfx_core_wchar16.lib(lcd16bpp.o)
    0x08046164   0x08045508   0x00000008   Data   RO         1882    .ARM.exidx.text._ZNK8touchgfx8LCD16bpp57TextureMapper_RGB565_NonOpaque_BilinearInterpolation_NoGA10writePixelEPtPKhPKtsiihh  touchgfx_core_wchar16.lib(lcd16bpp.o)
    0x0804616c   0x08045508   0x00000008   Data   RO         1894    .ARM.exidx.text._ZNK8touchgfx8LCD16bpp59TextureMapper_ARGB8888_NonOpaque_BilinearInterpolation_NoGA10writePixelEPtPKjsiihh  touchgfx_core_wchar16.lib(lcd16bpp.o)
    0x08046174   0x08045508   0x00000008   Data   RO         1772    .ARM.exidx.text._ZNK8touchgfx8LCD16bpp59TextureMapper_ARGB8888_NonOpaque_BilinearInterpolation_NoGA16writePixelOnEdgeEPtPKjssiihh  touchgfx_core_wchar16.lib(lcd16bpp.o)
    0x0804617c   0x08045508   0x00000008   Data   RO         1864    .ARM.exidx.text._ZNK8touchgfx8LCD16bpp60TextureMapper_L8_ARGB8888_NonOpaque_BilinearInterpolation_GA10writePixelEPtPKhPKjsiihhh  touchgfx_core_wchar16.lib(lcd16bpp.o)
    0x08046184   0x08045508   0x00000008   Data   RO         1719    .ARM.exidx.text._ZNK8touchgfx8LCD16bpp60TextureMapper_L8_ARGB8888_NonOpaque_BilinearInterpolation_GA16writePixelOnEdgeEPtPKhPKjssiihhh  touchgfx_core_wchar16.lib(lcd16bpp.o)
    0x0804618c   0x08045508   0x00000008   Data   RO         1870    .ARM.exidx.text._ZNK8touchgfx8LCD16bpp62TextureMapper_L8_ARGB8888_NonOpaque_BilinearInterpolation_NoGA10writePixelEPtPKhPKjsiihh  touchgfx_core_wchar16.lib(lcd16bpp.o)
    0x08046194   0x08045508   0x00000008   Data   RO         1910    .ARM.exidx.text._ZNK8touchgfx8LCD16bpp8bitDepthEv  touchgfx_core_wchar16.lib(lcd16bpp.o)
    0x0804619c   0x08045508   0x00000008   Data   RO         2195    .ARM.exidx.text._ZNK8touchgfx9ConstFont8getGlyphEtRPKhRh  touchgfx_core_wchar16.lib(constfont.o)
    0x080461a4   0x08045508   0x00000008   Data   RO         2239    .ARM.exidx.text._ZNK8touchgfx9Container12getSolidRectEv  touchgfx_core_wchar16.lib(container.o)
    0x080461ac   0x08045508   0x00000008   Data   RO         2233    .ARM.exidx.text._ZNK8touchgfx9Container4drawERKNS_4RectE  touchgfx_core_wchar16.lib(container.o)
    0x080461b4   0x08045508   0x00000008   Data   RO         2600    .ARM.exidx.text._ZNK8touchgfx9DragEvent12getEventTypeEv  touchgfx_core_wchar16.lib(screen.o)
    0x080461bc   0x08045508   0x00000008   Data   RO         3379    .ARM.exidx.text._ZNKSt13bad_exception4whatEv  libcppabi_wx.l(stdlib_exception.cpp.o)
    0x080461c4   0x08045508   0x00000008   Data   RO         3358    .ARM.exidx.text._ZSt10unexpectedv  libcppabi_wx.l(cxa_handlers.cpp.o)
    0x080461cc   0x08045508   0x00000008   Data   RO         3363    .ARM.exidx.text._ZSt11__terminatePFvvE  libcppabi_wx.l(cxa_handlers.cpp.o)
    0x080461d4   0x08045508   0x00000008   Data   RO         3356    .ARM.exidx.text._ZSt12__unexpectedPFvvE  libcppabi_wx.l(cxa_handlers.cpp.o)
    0x080461dc   0x08045508   0x00000008   Data   RO         3360    .ARM.exidx.text._ZSt13get_terminatev  libcppabi_wx.l(cxa_handlers.cpp.o)
    0x080461e4   0x08045508   0x00000008   Data   RO         3354    .ARM.exidx.text._ZSt9terminatev  libcppabi_wx.l(cxa_handlers.cpp.o)
    0x080461ec   0x08045508   0x00000008   Data   RO          649    .ARM.exidx.text._ZThn4_N16Screen1PresenterD0Ev  screen1presenter.o
    0x080461f4   0x08045508   0x00000008   Data   RO         2948    .ARM.exidx.text._ZdaPv  libcpp_wx.l(new.cpp.o)
    0x080461fc   0x08045508   0x00000008   Data   RO         2940    .ARM.exidx.text._ZnajRKSt9nothrow_t  libcpp_wx.l(new.cpp.o)
    0x08046204   0x08045508   0x00000008   Data   RO         2959    .ARM.exidx.text._ZnajSt11align_val_t  libcpp_wx.l(new.cpp.o)
    0x0804620c   0x08045508   0x00000008   Data   RO         2962    .ARM.exidx.text._ZnajSt11align_val_tRKSt9nothrow_t  libcpp_wx.l(new.cpp.o)
    0x08046214   0x08045508   0x00000008   Data   RO         2932    .ARM.exidx.text._Znwj  libcpp_wx.l(new.cpp.o)
    0x0804621c   0x08045508   0x00000008   Data   RO         2935    .ARM.exidx.text._ZnwjRKSt9nothrow_t  libcpp_wx.l(new.cpp.o)
    0x08046224   0x08045508   0x00000008   Data   RO         2954    .ARM.exidx.text._ZnwjSt11align_val_t  libcpp_wx.l(new.cpp.o)
    0x0804622c   0x08045508   0x00000008   Data   RO         2957    .ARM.exidx.text._ZnwjSt11align_val_tRKSt9nothrow_t  libcpp_wx.l(new.cpp.o)
    0x08046234   0x08045508   0x00000008   Data   RO         3018    .ARM.exidx.text.__aeabi_unwind_cpp_pr0  libunwind_wx.l(Unwind-EHABI.cpp.o)
    0x0804623c   0x08045508   0x00000008   Data   RO         2977    .ARM.exidx.text.__clang_call_terminate  libcpp_wx.l(new.cpp.o)
    0x08046244   0x08045508   0x00000008   Data   RO         3301    .ARM.exidx.text.__cxa_allocate_dependent_exception  libcppabi_wx.l(cxa_exception.cpp.o)
    0x0804624c   0x08045508   0x00000008   Data   RO         3296    .ARM.exidx.text.__cxa_allocate_exception  libcppabi_wx.l(cxa_exception.cpp.o)
    0x08046254   0x08045508   0x00000008   Data   RO         3319    .ARM.exidx.text.__cxa_begin_catch  libcppabi_wx.l(cxa_exception.cpp.o)
    0x0804625c   0x08045508   0x00000008   Data   RO         3314    .ARM.exidx.text.__cxa_begin_cleanup  libcppabi_wx.l(cxa_exception.cpp.o)
    0x08046264   0x08045508   0x00000008   Data   RO         2996    .ARM.exidx.text.__cxa_call_unexpected  libcppabi_wx.l(cxa_personality.cpp.o)
    0x0804626c   0x08045508   0x00000008   Data   RO         3324    .ARM.exidx.text.__cxa_decrement_exception_refcount  libcppabi_wx.l(cxa_exception.cpp.o)
    0x08046274   0x08045508   0x00000008   Data   RO         3321    .ARM.exidx.text.__cxa_end_catch  libcppabi_wx.l(cxa_exception.cpp.o)
    0x0804627c   0x08045508   0x00000008   Data   RO         3316    .ARM.exidx.text.__cxa_end_cleanup_impl  libcppabi_wx.l(cxa_exception.cpp.o)
    0x08046284   0x08045508   0x00000008   Data   RO         3345    .ARM.exidx.text.__cxa_get_globals  libcppabi_wx.l(cxa_exception_storage.cpp.o)
    0x0804628c   0x08045508   0x00000008   Data   RO         3003    .ARM.exidx.text.__cxa_pure_virtual  libcppabi_wx.l(cxa_virtual.cpp.o)
    0x08046294   0x08045508   0x00000008   Data   RO         3328    .ARM.exidx.text.__cxa_rethrow  libcppabi_wx.l(cxa_exception.cpp.o)
    0x0804629c   0x08045508   0x00000008   Data   RO         3335    .ARM.exidx.text.__cxa_rethrow_primary_exception  libcppabi_wx.l(cxa_exception.cpp.o)
    0x080462a4   0x08045508   0x00000008   Data   RO         3305    .ARM.exidx.text.__cxa_throw  libcppabi_wx.l(cxa_exception.cpp.o)
    0x080462ac   0x08045508   0x00000008   Data   RO         3661    .ARM.exidx.text.__dynamic_cast  libcppabi_wx.l(private_typeinfo.cpp.o)
    0x080462b4   0x08045508   0x00000008   Data   RO         3041    .ARM.exidx.text.__gnu_unwind_frame  libunwind_wx.l(Unwind-EHABI.cpp.o)
    0x080462bc   0x08045508   0x00000008   Data   RO         2987    .ARM.exidx.text.__gxx_personality_v0  libcppabi_wx.l(cxa_personality.cpp.o)
    0x080462c4   0x08045508   0x00000008   Data   RO         3285    .ARM.exidx.text.abort_message  libcppabi_wx.l(abort_message.cpp.o)
    0x080462cc   0x08045508   0x00000008   Data   RO         3008    .ARM.exidx.text.decode_eht_entry  libunwind_wx.l(Unwind-EHABI.cpp.o)
    0x080462d4   0x08045508   0x00000008   Data   RO         3412    .ARM.exidx.text.unw_get_fpreg  libunwind_wx.l(libunwind.cpp.o)
    0x080462dc   0x08045508   0x00000008   Data   RO         3418    .ARM.exidx.text.unw_get_proc_info  libunwind_wx.l(libunwind.cpp.o)
    0x080462e4   0x08045508   0x00000008   Data   RO         3408    .ARM.exidx.text.unw_get_reg  libunwind_wx.l(libunwind.cpp.o)
    0x080462ec   0x08045508   0x00000008   Data   RO         3406    .ARM.exidx.text.unw_init_local  libunwind_wx.l(libunwind.cpp.o)
    0x080462f4   0x08045508   0x00000008   Data   RO         3420    .ARM.exidx.text.unw_resume  libunwind_wx.l(libunwind.cpp.o)
    0x080462fc   0x08045508   0x00000008   Data   RO         3430    .ARM.exidx.text.unw_save_vfp_as_X  libunwind_wx.l(libunwind.cpp.o)
    0x08046304   0x08045508   0x00000008   Data   RO         3414    .ARM.exidx.text.unw_set_fpreg  libunwind_wx.l(libunwind.cpp.o)
    0x0804630c   0x08045508   0x00000008   Data   RO         3410    .ARM.exidx.text.unw_set_reg  libunwind_wx.l(libunwind.cpp.o)
    0x08046314   0x08045508   0x00000008   Data   RO         3416    .ARM.exidx.text.unw_step  libunwind_wx.l(libunwind.cpp.o)


    Execution Region RW_IRAM2 (Exec base: 0x10000000, Load base: 0x080463b0, Size: 0x000020f0, Max: 0x00010000, ABSOLUTE)

    Exec Addr    Load Addr    Size         Type   Attr      Idx    E Section Name        Object

    0x10000000   0x080463b0   0x00000004   Data   RW         3235    .data               c_w.l(stdio_streams.o)
    0x10000004   0x080463b4   0x0000000c   PAD
    0x10000010   0x080463c0   0x00000014   Data   RW         2041    .data..L_MergedGlobals  touchgfx_core_wchar16.lib(application.o)
    0x10000024   0x080463d4   0x00000004   Data   RW          450    .data.SystemCoreClock  system_stm32f4xx.o
    0x10000028   0x080463d8   0x00000008   Data   RW          186    .data.UART3_Frame   usart.o
    0x10000030   0x080463e0   0x00000004   Data   RW         1358    .data._ZL12fontProvider  touchgfxconfiguration.o
    0x10000034   0x080463e4   0x00000004   Data   RW         3585    .data.__cxa_unexpected_handler  libcppabi_wx.l(cxa_default_handlers.cpp.o)
    0x10000038   0x080463e8   0x00000030   Data   RW           31    .data.sys_Parament  system_data.o
    0x10000068   0x08046418   0x00000001   Data   RW          368    .data.uwTickFreq    stm32f4xx_hal.o
    0x10000069   0x08046419   0x00000003   PAD
    0x1000006c   0x0804641c   0x00000004   Data   RW          367    .data.uwTickPrio    stm32f4xx_hal.o
    0x10000070   0x08046420   0x00000010   PAD
    0x10000080        -       0x00000054   Zero   RW         3231    .bss                c_w.l(stdio_streams.o)
    0x100000d4        -       0x00000054   Zero   RW         3233    .bss                c_w.l(stdio_streams.o)
    0x10000128        -       0x00000060   Zero   RW         3485    .bss                c_w.l(libspace.o)
    0x10000188   0x08046420   0x00000008   PAD
    0x10000190        -       0x00000024   Zero   RW         2150    .bss..L_MergedGlobals  touchgfx_core_wchar16.lib(bitmap.o)
    0x100001b4        -       0x00000008   Zero   RW          114    .bss.CanRxData      can.o
    0x100001bc        -       0x00000001   Zero   RW          265    .bss.EC11_1_knob_State  control_box.o
    0x100001bd   0x08046420   0x00000003   PAD
    0x100001c0        -       0x00000004   Zero   RW          144    .bss.FSMC_DeInitialized  fsmc.o
    0x100001c4        -       0x00000004   Zero   RW           96    .bss.GUI_TaskHandle  freertos.o
    0x100001c8        -       0x00000002   Zero   RW          185    .bss.HAL_UARTEx_RxEventCallback.frame_Length_Last  usart.o
    0x100001ca   0x08046420   0x00000002   PAD
    0x100001cc        -       0x00000004   Zero   RW         1142    .bss._ZGVZ23getFont_simfang_17_4bppvE15simfang_17_4bpp  table_simfang_17_4bpp.o
    0x100001d0        -       0x00000004   Zero   RW         1168    .bss._ZGVZ23getFont_simfang_40_4bppvE15simfang_40_4bpp  table_simfang_40_4bpp.o
    0x100001d4        -       0x00000004   Zero   RW         1533    .bss._ZL11vsync_queue  oswrappers.o
    0x100001d8        -       0x00000004   Zero   RW         1181    .bss._ZL18currentLanguagePtr  texts.o
    0x100001dc        -       0x00000004   Zero   RW         1265    .bss._ZL2kc         touchgfxhal.o
    0x100001e0        -       0x00000044   Zero   RW         1356    .bss._ZL3dma        touchgfxconfiguration.o
    0x10000224        -       0x00000001   Zero   RW         1360    .bss._ZL5texts      touchgfxconfiguration.o
    0x10000225   0x08046420   0x00000003   PAD
    0x10000228        -       0x00000078   Zero   RW         1357    .bss._ZL7display    touchgfxconfiguration.o
    0x100002a0        -       0x0000000c   Zero   RW         3348    .bss._ZN10__cxxabiv1L10eh_globalsE  libcppabi_wx.l(cxa_exception_storage.cpp.o)
    0x100002ac        -       0x00000004   Zero   RW         2443    .bss._ZN8touchgfx3HAL8instanceE  touchgfx_core_wchar16.lib(hal.o)
    0x100002b0        -       0x00000001   Zero   RW         2445    .bss._ZN8touchgfx3HAL9isDrawingE  touchgfx_core_wchar16.lib(hal.o)
    0x100002b1   0x08046420   0x00000001   PAD
    0x100002b2        -       0x00000002   Zero   RW         1179    .bss._ZN8touchgfx5Texts15currentLanguageE  texts.o
    0x100002b4        -       0x00000004   Zero   RW         1474    .bss._ZN8touchgfx5paint12_GLOBAL__N_111blendL8CLUTE  touchgfxgeneratedhal.o
    0x100002b8        -       0x00000004   Zero   RW         2689    .bss._ZN8touchgfx9TypedText10typedTextsE  touchgfx_core_wchar16.lib(typedtext.o)
    0x100002bc        -       0x00000004   Zero   RW         2691    .bss._ZN8touchgfx9TypedText5fontsE  touchgfx_core_wchar16.lib(typedtext.o)
    0x100002c0        -       0x00000001   Zero   RW         3431    .bss._ZN9libunwind17LocalAddressSpace17sThisAddressSpaceE  libunwind_wx.l(libunwind.cpp.o)
    0x100002c1   0x08046420   0x00000003   PAD
    0x100002c4        -       0x0000002c   Zero   RW         1141    .bss._ZZ23getFont_simfang_17_4bppvE15simfang_17_4bpp  table_simfang_17_4bpp.o
    0x100002f0        -       0x0000002c   Zero   RW         1167    .bss._ZZ23getFont_simfang_40_4bppvE15simfang_40_4bpp  table_simfang_40_4bpp.o
    0x1000031c        -       0x00000004   Zero   RW         3368    .bss.__cxa_new_handler  libcppabi_wx.l(cxa_handlers.cpp.o)
    0x10000320        -       0x00000004   Zero   RW           90    .bss.boxInputQueueHandle  freertos.o
    0x10000324        -       0x00000004   Zero   RW           92    .bss.cctTaskHandle  freertos.o
    0x10000328        -       0x00000004   Zero   RW         1267    .bss.dest_test      touchgfxhal.o
    0x1000032c        -       0x00000060   Zero   RW          184    .bss.hdma_usart3_rx  usart.o
    0x1000038c        -       0x00000048   Zero   RW          211    .bss.htim14         stm32f4xx_hal_timebase_tim.o
    0x100003d4        -       0x00000048   Zero   RW          172    .bss.htim3          tim.o
    0x1000041c        -       0x00000004   Zero   RW           98    .bss.inputTaskHandle  freertos.o
    0x10000420        -       0x00000006   Zero   RW          229    .bss.lcddev         tft_lcd.o
    0x10000426   0x08046420   0x00000002   PAD
    0x10000428        -       0x00000004   Zero   RW           94    .bss.lightEffectTaskHandle  freertos.o
    0x1000042c   0x08046420   0x00000014   PAD
    0x10000440        -       0x000004a4   Zero   RW         1551    .bss.noinit         eventrecorder.o
    0x100008e4        -       0x000000a0   Zero   RW          534    .bss.prvCheckForValidListAndQueue.ucStaticTimerQueueStorage  timers.o
    0x10000984        -       0x00000050   Zero   RW          533    .bss.prvCheckForValidListAndQueue.xStaticTimerQueue  timers.o
    0x100009d4        -       0x00000004   Zero   RW          530    .bss.prvSampleTimeNow.xLastTime  timers.o
    0x100009d8        -       0x00000004   Zero   RW          528    .bss.pxCurrentTimerList  timers.o
    0x100009dc        -       0x00000004   Zero   RW          503    .bss.pxDelayedTaskList  tasks.o
    0x100009e0        -       0x00000004   Zero   RW          557    .bss.pxEnd          heap_4.o
    0x100009e4        -       0x00000008   Zero   RW         1566    .bss.stdout_putchar.buffer  retarget_io.o
    0x100009ec        -       0x00000004   Zero   RW         1565    .bss.stdout_putchar.index  retarget_io.o
    0x100009f0        -       0x00000028   Zero   RW          101    .bss.test_info      freertos.o
    0x10000a18        -       0x0000000c   Zero   RW         1213    .bss.touchgfx_fonts  typedtextdatabase.o
    0x10000a24        -       0x00000004   Zero   RW          574    .bss.ulMaxPRIGROUPValue  port.o
    0x10000a28        -       0x00000004   Zero   RW          499    .bss.uxCurrentNumberOfTasks  tasks.o
    0x10000a2c        -       0x00000004   Zero   RW          501    .bss.uxSchedulerSuspended  tasks.o
    0x10000a30        -       0x00000004   Zero   RW          496    .bss.uxTaskNumber   tasks.o
    0x10000a34        -       0x00000004   Zero   RW          507    .bss.uxTopReadyPriority  tasks.o
    0x10000a38        -       0x00000200   Zero   RW          546    .bss.vApplicationGetIdleTaskMemory.Idle_Stack  cmsis_os2.o
    0x10000c38        -       0x00000060   Zero   RW          545    .bss.vApplicationGetIdleTaskMemory.Idle_TCB  cmsis_os2.o
    0x10000c98        -       0x00000400   Zero   RW          548    .bss.vApplicationGetTimerTaskMemory.Timer_Stack  cmsis_os2.o
    0x10001098        -       0x00000004   Zero   RW          100    .bss.wirelessTaskHandle  freertos.o
    0x1000109c        -       0x00000014   Zero   RW          531    .bss.xActiveTimerList1  timers.o
    0x100010b0        -       0x00000014   Zero   RW          515    .bss.xDelayedTaskList1  tasks.o
    0x100010c4        -       0x00000004   Zero   RW          559    .bss.xFreeBytesRemaining  heap_4.o
    0x100010c8        -       0x00000004   Zero   RW          511    .bss.xNextTaskUnblockTime  tasks.o
    0x100010cc        -       0x00000004   Zero   RW          562    .bss.xNumberOfSuccessfulAllocations  heap_4.o
    0x100010d0        -       0x00000004   Zero   RW          513    .bss.xPendedTicks   tasks.o
    0x100010d4        -       0x00000014   Zero   RW          505    .bss.xSuspendedTaskList  tasks.o
    0x100010e8        -       0x00000004   Zero   RW          525    .bss.xTimerQueue    timers.o
    0x100010ec   0x08046420   0x00000004   PAD
    0x100010f0        -       0x00001000   Zero   RW            1    STACK               startup_stm32f407xx.o


    Execution Region RW_IRAM1 (Exec base: 0x20000000, Load base: 0x08046320, Size: 0x000120c0, Max: 0x00020000, ABSOLUTE, COMPRESSED[0x00000090])

    Exec Addr    Load Addr    Size         Type   Attr      Idx    E Section Name        Object

    0x20000000   COMPRESSED   0x00000200   Data   RW          183    .IRAM1              usart.o
    0x20000200   COMPRESSED   0x00000004   Data   RW         3234    .data               c_w.l(stdio_streams.o)
    0x20000204   COMPRESSED   0x00000004   Data   RW         3236    .data               c_w.l(stdio_streams.o)
    0x20000208   COMPRESSED   0x00000008   PAD
    0x20000210   COMPRESSED   0x00000070   Data   RW         1819    .data..L_MergedGlobals  touchgfx_core_wchar16.lib(lcd16bpp.o)
    0x20000280   COMPRESSED   0x00000004   Data   RW         1534    .data._ZL5dummy     oswrappers.o
    0x20000284   COMPRESSED   0x00000004   Data   RW         3584    .data.__cxa_terminate_handler  libcppabi_wx.l(cxa_default_handlers.cpp.o)
    0x20000288   COMPRESSED   0x00000014   Data   RW           30    .data.box_Parament  system_data.o
    0x2000029c   COMPRESSED   0x00000004   Data   RW          575    .data.uxCriticalNesting  port.o
    0x200002a0        -       0x00000054   Zero   RW         3232    .bss                c_w.l(stdio_streams.o)
    0x200002f4        -       0x0000000a   Zero   RW         2449    .bss..L_MergedGlobals  touchgfx_core_wchar16.lib(hal.o)
    0x200002fe   COMPRESSED   0x00000002   PAD
    0x20000300        -       0x00000070   Zero   RW         1820    .bss..L_MergedGlobals.20  touchgfx_core_wchar16.lib(lcd16bpp.o)
    0x20000370        -       0x00000001   Zero   RW          266    .bss.EC11_2_knob_State  control_box.o
    0x20000371   COMPRESSED   0x00000003   PAD
    0x20000374        -       0x00000004   Zero   RW          143    .bss.FSMC_Initialized  fsmc.o
    0x20000378        -       0x00000004   Zero   RW          543    .bss.KernelState    cmsis_os2.o
    0x2000037c        -       0x00000004   Zero   RW         1155    .bss._ZGVZ23getFont_simfang_25_4bppvE15simfang_25_4bpp  table_simfang_25_4bpp.o
    0x20000380        -       0x00000004   Zero   RW         1465    .bss._ZGVZN12FrontendHeap11getInstanceEvE8instance  touchgfxconfiguration.o
    0x20000384        -       0x00000004   Zero   RW         1180    .bss._ZL14languagesArray  texts.o
    0x20000388        -       0x00000004   Zero   RW         1531    .bss._ZL16frame_buffer_sem  oswrappers.o
    0x2000038c        -       0x00000004   Zero   RW         1182    .bss._ZL22currentLanguageIndices  texts.o
    0x20000390        -       0x00000004   Zero   RW         1355    .bss._ZL2tc         touchgfxconfiguration.o
    0x20000394        -       0x0000007c   Zero   RW         1359    .bss._ZL3hal        touchgfxconfiguration.o
    0x20000410        -       0x00000200   Zero   RW         3600    .bss._ZN12_GLOBAL__N_14heapE  libcppabi_wx.l(fallback_malloc.cpp.o)
    0x20000610        -       0x00000004   Zero   RW         3599    .bss._ZN12_GLOBAL__N_18freelistE  libcppabi_wx.l(fallback_malloc.cpp.o)
    0x20000614   COMPRESSED   0x00000004   PAD
    0x20000618        -       0x00000008   Zero   RW         2038    .bss._ZN8touchgfx11Application22debugRegionInvalidRectE  touchgfx_core_wchar16.lib(application.o)
    0x20000620        -       0x00000004   Zero   RW         2365    .bss._ZN8touchgfx11FontManager8providerE  touchgfx_core_wchar16.lib(fontmanager.o)
    0x20000624        -       0x0000002c   Zero   RW         2810    .bss._ZN8touchgfx16TouchCalibration6matrixE  touchgfx_core_wchar16.lib(touchcalibration.o)
    0x20000650        -       0x00000001   Zero   RW         2444    .bss._ZN8touchgfx3HAL20USE_DOUBLE_BUFFERINGE  touchgfx_core_wchar16.lib(hal.o)
    0x20000651   COMPRESSED   0x00000003   PAD
    0x20000654        -       0x00000004   Zero   RW         2531    .bss._ZN8touchgfx3LCD12defaultColorE  touchgfx_core_wchar16.lib(lcd.o)
    0x20000658        -       0x00000002   Zero   RW         2692    .bss._ZN8touchgfx9TypedText18numberOfTypedTextsE  touchgfx_core_wchar16.lib(typedtext.o)
    0x2000065a   COMPRESSED   0x00000002   PAD
    0x2000065c        -       0x00000004   Zero   RW         2690    .bss._ZN8touchgfx9TypedText5textsE  touchgfx_core_wchar16.lib(typedtext.o)
    0x20000660        -       0x0000002c   Zero   RW         1154    .bss._ZZ23getFont_simfang_25_4bppvE15simfang_25_4bpp  table_simfang_25_4bpp.o
    0x2000068c        -       0x0000026c   Zero   RW         1464    .bss._ZZN12FrontendHeap11getInstanceEvE8instance  touchgfxconfiguration.o
    0x200008f8        -       0x00000001   Zero   RW         2446    .bss._ZZN8touchgfx3HAL4tickEvE12touchTickCnt  touchgfx_core_wchar16.lib(hal.o)
    0x200008f9   COMPRESSED   0x00000003   PAD
    0x200008fc        -       0x00000004   Zero   RW           93    .bss.canTaskHandle  freertos.o
    0x20000900        -       0x00000004   Zero   RW           91    .bss.defaultTaskHandle  freertos.o
    0x20000904        -       0x00000028   Zero   RW          115    .bss.hcan1          can.o
    0x2000092c        -       0x00000008   Zero   RW          124    .bss.hcrc           crc.o
    0x20000934        -       0x00000010   Zero   RW          153    .bss.hrng           rng.o
    0x20000944        -       0x00000058   Zero   RW          162    .bss.hspi2          spi.o
    0x2000099c        -       0x00000050   Zero   RW          141    .bss.hsram1         fsmc.o
    0x200009ec        -       0x00000050   Zero   RW          142    .bss.hsram2         fsmc.o
    0x20000a3c        -       0x00000048   Zero   RW          171    .bss.htim2          tim.o
    0x20000a84        -       0x00000048   Zero   RW          173    .bss.htim4          tim.o
    0x20000acc        -       0x00000044   Zero   RW          182    .bss.huart3         usart.o
    0x20000b10        -       0x00000004   Zero   RW          267    .bss.key_Parament   control_box.o
    0x20000b14        -       0x00000004   Zero   RW           97    .bss.lcdTransferTaskHandle  freertos.o
    0x20000b18        -       0x00000004   Zero   RW           95    .bss.menuTaskHandle  freertos.o
    0x20000b1c        -       0x00000004   Zero   RW          495    .bss.pxCurrentTCB   tasks.o
    0x20000b20        -       0x00000004   Zero   RW          504    .bss.pxOverflowDelayedTaskList  tasks.o
    0x20000b24        -       0x00000004   Zero   RW          529    .bss.pxOverflowTimerList  timers.o
    0x20000b28        -       0x00000460   Zero   RW          506    .bss.pxReadyTasksLists  tasks.o
    0x20000f88        -       0x00000004   Zero   RW           88    .bss.sysDataQueue_AppHandle  freertos.o
    0x20000f8c        -       0x00000004   Zero   RW           99    .bss.testTaskHandle  freertos.o
    0x20000f90        -       0x00000004   Zero   RW         1266    .bss.text_i         touchgfxhal.o
    0x20000f94        -       0x0000ffff   Zero   RW          564    .bss.ucHeap         heap_4.o
    0x20010f93        -       0x00000001   Zero   RW          573    .bss.ucMaxSysCallPriority  port.o
    0x20010f94        -       0x00000004   Zero   RW          369    .bss.uwTick         stm32f4xx_hal.o
    0x20010f98        -       0x00000004   Zero   RW          498    .bss.uxDeletedTasksWaitingCleanUp  tasks.o
    0x20010f9c        -       0x00000060   Zero   RW          547    .bss.vApplicationGetTimerTaskMemory.Timer_TCB  cmsis_os2.o
    0x20010ffc        -       0x00000014   Zero   RW          532    .bss.xActiveTimerList2  timers.o
    0x20011010        -       0x00000004   Zero   RW          558    .bss.xBlockAllocatedBit  heap_4.o
    0x20011014        -       0x00000014   Zero   RW          516    .bss.xDelayedTaskList2  tasks.o
    0x20011028        -       0x00000004   Zero   RW          510    .bss.xIdleTaskHandle  tasks.o
    0x2001102c        -       0x00000004   Zero   RW          561    .bss.xMinimumEverFreeBytesRemaining  heap_4.o
    0x20011030        -       0x00000004   Zero   RW          514    .bss.xNumOfOverflows  tasks.o
    0x20011034        -       0x00000004   Zero   RW          563    .bss.xNumberOfSuccessfulFrees  heap_4.o
    0x20011038        -       0x00000014   Zero   RW          508    .bss.xPendingReadyList  tasks.o
    0x2001104c        -       0x00000004   Zero   RW           89    .bss.xQueueLCDHandle  freertos.o
    0x20011050        -       0x00000040   Zero   RW          478    .bss.xQueueRegistry  queue.o
    0x20011090        -       0x00000004   Zero   RW          500    .bss.xSchedulerRunning  tasks.o
    0x20011094        -       0x00000008   Zero   RW          560    .bss.xStart         heap_4.o
    0x2001109c        -       0x00000014   Zero   RW          497    .bss.xTasksWaitingTermination  tasks.o
    0x200110b0        -       0x00000004   Zero   RW          502    .bss.xTickCount     tasks.o
    0x200110b4        -       0x00000004   Zero   RW          527    .bss.xTimerTaskHandle  timers.o
    0x200110b8        -       0x00000004   Zero   RW          512    .bss.xYieldPending  tasks.o
    0x200110bc   COMPRESSED   0x00000004   PAD
    0x200110c0        -       0x00001000   Zero   RW            2    HEAP                startup_stm32f407xx.o


    Execution Region RW_RAM3 (Exec base: 0x60000000, Load base: 0x08046430, Size: 0x00000000, Max: 0x00100000, ABSOLUTE)

    **** No section assigned to this execution region ****



  Load Region LR_ROM1 (Base: 0x90000000, Size: 0x00059590, Max: 0x01000000, ABSOLUTE)

    Execution Region ER_ROM1 (Exec base: 0x90000000, Load base: 0x90000000, Size: 0x00059590, Max: 0x01000000, ABSOLUTE)

    Exec Addr    Load Addr    Size         Type   Attr      Idx    E Section Name        Object

    0x90000000   0x90000000   0x0004b000   Data   RO          966    ExtFlashSection     image_alternate_theme_images_backgrounds_320x240_poly.o
    0x9004b000   0x9004b000   0x00007f80   Data   RO          973    ExtFlashSection     image_alternate_theme_images_bars_480x272_top_action.o
    0x90052f80   0x90052f80   0x00006610   Data   RO          980    ExtFlashSection     image_alternate_theme_images_logos_touchgfx.o


==============================================================================

Image component sizes


      Code (inc. data)   RO Data    RW Data    ZI Data      Debug   Object Name

       198          0          0          0          0        929   algorithm_library.o
        42          0          0          0          0        702   app_touchgfx.o
       156          0         20          0          0       3152   applicationfontprovider.o
        16          0         60          0          0       8617   bitmapdatabase.o
       634          0        112          0          0      13628   cachedfont.o
      1578         20          0          0         48       8758   can.o
       372          0        616          0          0       1842   cct.o
      9786          6         17          0       1732      33221   cmsis_os2.o
       672          0          0          0          6       5123   control_box.o
       156          0          0          0          8       2477   crc.o
       136          0          0          0          0       3608   dma.o
         4          0          0          0          0        519   esp32c3.o
      2056          0          0          0          0       7328   event_groups.o
      2814          0         24          0       1188       8084   eventrecorder.o
         0          0        518          0          0       1597   font_simfang_17_4bpp_0.o
         0          0        944          0          0       1597   font_simfang_25_4bpp_0.o
         0          0       2526          0          0       1597   font_simfang_40_4bpp_0.o
      3966          0        212          0          0      28656   fontcache.o
      1686          0        649          0         92       7447   freertos.o
       378          0         76          0          0      10664   frontendapplication.o
      2420          0        840          0          0      21663   frontendapplicationbase.o
       700          0          0          0        168       5411   fsmc.o
       588          0         96          0          0      10430   generatedfont.o
       560          0          0          0          0       4196   gpio.o
      1390          0          0          0      65567       4322   heap_4.o
         0          0     307200          0          0        646   image_alternate_theme_images_backgrounds_320x240_poly.o
         0          0      32640          0          0        641   image_alternate_theme_images_bars_480x272_top_action.o
         0          0      26128          0          0        614   image_alternate_theme_images_logos_touchgfx.o
         0          0          4          0          0       4613   kerning_simfang_17_4bpp.o
         0          0          4          0          0       4613   kerning_simfang_25_4bpp.o
         0          0          4          0          0       4613   kerning_simfang_40_4bpp.o
       266          0         28          0          0       7559   keycontroller.o
         0          0          4          0          0       1718   languagegb.o
       736         32          0          0          0       2018   light_effect.o
       332          0          0          0          0       2146   list.o
       554          0          0          0          0       6109   main.o
        32          0          0          0          0        897   model.o
       430          0        183          4          8       4150   oswrappers.o
      1216         16          0          4          5       3610   port.o
      6728          0          0          0         64      16635   queue.o
       860          0         46          0         12       2564   retarget_io.o
       192          0          0          0         16       2566   rng.o
       344          0         88          0          0       8598   screen1presenter.o
       132          0         60          0          0       7097   screen1view.o
      1026          0        232          0          0      24584   screen1viewbase.o
       180          0         40          0          0       8632   screencctpresenter.o
       210          0         56          0          0       7824   screencctview.o
       482          0        108          0          0      24861   screencctviewbase.o
       396          0          0          0         88       4884   spi.o
        64         26        392          0       8192        880   startup_stm32f407xx.o
       314          0        165          0          0       5688   stm32dma.o
       800          0          0          5          4       6611   stm32f4xx_hal.o
      4690          0          0          0          0      10695   stm32f4xx_hal_can.o
      1646          0          0          0          0       8941   stm32f4xx_hal_cortex.o
       432          0          0          0          0       2628   stm32f4xx_hal_crc.o
      3620         22          8          0          0       8286   stm32f4xx_hal_dma.o
      1894          0          0          0          0       4981   stm32f4xx_hal_gpio.o
       112          0          0          0          0       3384   stm32f4xx_hal_msp.o
      3506          0          0          0          0       7373   stm32f4xx_hal_rcc.o
       952          0          0          0          0       3583   stm32f4xx_hal_rng.o
     10610          0          0          0          0      18719   stm32f4xx_hal_spi.o
      2398          0          0          0          0       8075   stm32f4xx_hal_sram.o
     26950        224          0          0          0      33731   stm32f4xx_hal_tim.o
     10180          0          0          0          0      14535   stm32f4xx_hal_tim_ex.o
       296          0          0          0         72       7078   stm32f4xx_hal_timebase_tim.o
     10758          0          0          0          0      19054   stm32f4xx_hal_uart.o
       326          0          0          0          0       4647   stm32f4xx_it.o
      1696          0          0          0          0       5767   stm32f4xx_ll_fsmc.o
       110          0         24          0          0       2820   stm32touchcontroller.o
       112          0          0         68          0       2447   system_data.o
       328          0         24          4          0       2518   system_stm32f4xx.o
       182          0        172          0         48       6301   table_simfang_17_4bpp.o
       182          0        172          0         48       6301   table_simfang_25_4bpp.o
       182          0        172          0         48       6301   table_simfang_40_4bpp.o
     11318         12          5          0       1280      23943   tasks.o
       856          0        106          0         14      21019   texts.o
      6658          4      15912          0          6      11166   tft_lcd.o
      1124          0          0          0        216       8993   tim.o
      3202         10         13          0        300      11145   timers.o
      2352          0        248          4        941      28695   touchgfxconfiguration.o
      2134          0        216          0          4      21884   touchgfxgeneratedhal.o
       198         16          0          0          0       3027   touchgfxgpio.o
       854          0        248          0         12      13324   touchgfxhal.o
       260          0         12          0         12       3472   typedtextdatabase.o
       860          0          0        520        166       7603   usart.o
      1438          0          0          0          0       3221   w25qx.o

    ----------------------------------------------------------------------
    158210        388     391495        612      80422     706596   Object Totals
         0          0         64          0          0          0   (incl. Generated)
       192          0          7          3         57          0   (incl. Padding)

    ----------------------------------------------------------------------

      Code (inc. data)   RO Data    RW Data    ZI Data      Debug   Library Member Name

        58          0          0          0          0          0   __dczerorl.o
         8          0          0          0          0         68   __main.o
       392          4         17          0          0         92   __printf_flags_ss_wp.o
        14          0          0          0          0         68   __printf_wp.o
         0          0          0          0          0          0   __rtentry.o
        12          0          0          0          0          0   __rtentry2.o
         6          0          8          0          0          0   __rtentry4.o
        52          8          0          0          0          0   __scatter.o
        26          0          0          0          0          0   __scatter_copy.o
        28          0          0          0          0          0   __scatter_zi.o
        72          0          0          0          0         96   _c16rtomb.o
       264          0          0          0          0         96   _get_argv.o
         6          0          0          0          0          0   _printf_a.o
         6          0          0          0          0          0   _printf_c.o
        44          0          0          0          0        108   _printf_char.o
        48          6          0          0          0         96   _printf_char_common.o
        36          4          0          0          0         80   _printf_char_file.o
        40          0          0          0          0         68   _printf_charcount.o
         6          0          0          0          0          0   _printf_d.o
       120         16          0          0          0         92   _printf_dec.o
         6          0          0          0          0          0   _printf_e.o
         6          0          0          0          0          0   _printf_f.o
      1052          0          0          0          0        148   _printf_fp_dec.o
       764          8         38          0          0        100   _printf_fp_hex.o
       128         16          0          0          0         84   _printf_fp_infnan.o
         6          0          0          0          0          0   _printf_g.o
       148          4         40          0          0        160   _printf_hex_int_ll_ptr.o
         6          0          0          0          0          0   _printf_i.o
       178          0          0          0          0         88   _printf_intcommon.o
        10          0          0          0          0          0   _printf_l.o
         6          0          0          0          0          0   _printf_lc.o
        10          0          0          0          0          0   _printf_ll.o
         6          0          0          0          0          0   _printf_lld.o
         6          0          0          0          0          0   _printf_lli.o
         6          0          0          0          0          0   _printf_llo.o
         6          0          0          0          0          0   _printf_llu.o
         6          0          0          0          0          0   _printf_llx.o
       124         16          0          0          0         92   _printf_longlong_dec.o
         6          0          0          0          0          0   _printf_ls.o
         6          0          0          0          0          0   _printf_n.o
         6          0          0          0          0          0   _printf_o.o
       112          8          0          0          0        124   _printf_oct_int_ll.o
         6          0          0          0          0          0   _printf_p.o
        78          0          0          0          0        108   _printf_pad.o
         0          0          0          0          0          0   _printf_percent.o
         4          0          0          0          0          0   _printf_percent_end.o
         6          0          0          0          0          0   _printf_s.o
        82          0          0          0          0         80   _printf_str.o
        36          0          0          0          0         84   _printf_truncate.o
         6          0          0          0          0          0   _printf_u.o
        44          0          0          0          0        108   _printf_wchar.o
       188          6          8          0          0         92   _printf_wctomb.o
         6          0          0          0          0          0   _printf_x.o
        22          0          0          0          0         80   abort.o
         8          0          0          0          0         68   abs.o
        46          0          0          0          0         84   aeabi_atexit.o
        16          0          0          0          0         68   aeabi_memset4.o
         4          0          0          0          0         68   argv_veneer.o
       128         42          0          0          0         76   assert.o
        24          6          0          0          0         80   assert_stdio.o
       228          4        148          0          0         96   bigflt0.o
      1936        128          0          0          0        672   btod.o
        40          0          0          0          0         80   calloc.o
        10          0          0          0          0         68   cxa_atexit.o
        66          0          0          0          0         84   cxa_finalize.o
        48         34          0          0          0         76   defsig_abrt_inner.o
        14          0          0          0          0         80   defsig_abrt_outer.o
        10          0          0          0          0         68   defsig_exit.o
        50          0          0          0          0         88   defsig_general.o
        80         58          0          0          0         76   defsig_rtmem_inner.o
        14          0          0          0          0         80   defsig_rtmem_outer.o
        52         38          0          0          0         76   defsig_rtred_inner.o
        14          0          0          0          0         80   defsig_rtred_outer.o
        18          0          0          0          0         80   exit.o
        76          0          0          0          0         88   fclose.o
         8          0          0          0          0         68   ferror.o
       100          4          0          0          0        120   fflush.o
       470          0          0          0          0         88   flsbuf.o
       236          4          0          0          0        128   fopen.o
        26          0          0          0          0         68   fputc.o
        34          0          0          0          0         80   fputs.o
       248          6          0          0          0         84   fseek.o
        66          0          0          0          0         76   ftell.o
        94          0          0          0          0         80   h1_alloc.o
        52          0          0          0          0         68   h1_extend.o
        78          0          0          0          0         80   h1_free.o
        14          0          0          0          0         84   h1_init.o
       180          0          0          0          0         88   h1_memalign.o
         6          0          0          0          0        152   heapauxi.o
         4          0          0          0          0        136   hguard.o
         4          0          0          0          0        136   hrguard.o
         0          0          0          0          0          0   indicate_semi.o
        36         10          0          0          0         80   init_aeabi.o
       138          0          0          0          0        168   init_alloc.o
       312         46          0          0          0        112   initio.o
        44         10        272          0          0         76   lc_ctype_c.o
        44         10         28          0          0         76   lc_numeric_c.o
         2          0          0          0          0          0   libinit.o
        58          0          0          0          0          0   libinit2.o
         2          0          0          0          0          0   libshutdown.o
        12          0          0          0          0          0   libshutdown2.o
         8          4          0          0         96         68   libspace.o
       138          0          0          0          0         80   lludiv10.o
       238          0          0          0          0        100   lludivv7m.o
         0          0          0          0          0          0   maybetermalloc1.o
        24          4          0          0          0         84   printf.o
        16          4          0          0          0         76   rt_ctype_table.o
         8          4          0          0          0         68   rt_ddtor_pointer_addr_intlibspace.o
         8          4          0          0          0         68   rt_errno_addr_intlibspace.o
         8          4          0          0          0         68   rt_heap_descriptor_intlibspace.o
         8          4          0          0          0         68   rt_locale_intlibspace.o
        68          0          0          0          0         68   rt_memclr.o
        78          0          0          0          0         80   rt_memclr_w.o
       138          0          0          0          0         68   rt_memcpy_v6.o
       100          0          0          0          0         80   rt_memcpy_w.o
         2          0          0          0          0          0   rtexit.o
        10          0          0          0          0          0   rtexit2.o
        70          0          0          0          0         80   setvbuf.o
       240          6          0          0          0        156   stdio.o
         0          0          0         12        252          0   stdio_streams.o
       124          0          0          0          0         88   strcmpv7em.o
        24          0          0          0          0         76   sys_command.o
        12          4          0          0          0         68   sys_exit.o
        74          0          0          0          0         80   sys_stackheap_outer.o
        14          0          0          0          0         76   sys_wrch.o
         2          0          0          0          0         68   use_no_semi.o
        98          4          0          0          0        140   d2f.o
       826         16          0          0          0        500   daddsub_clz.o
        84          0          0          0          0        244   dcmp.o
        24          0          0          0          0        116   dcmpi.o
       688        140          0          0          0        264   ddiv.o
       120          4          0          0          0        140   deqf.o
        94          4          0          0          0        140   dfix.o
        46          0          0          0          0        116   dflt_clz.o
       120          4          0          0          0        140   dgeqf.o
       120          4          0          0          0        140   dleqf.o
       340         12          0          0          0        152   dmul.o
       156          4          0          0          0        140   dnaninf.o
        12          0          0          0          0        116   dretinf.o
       108          0          0          0          0        128   drleqf.o
        86          4          0          0          0        132   f2d.o
       140          4          0          0          0        132   fnaninf.o
        26          0          0          0          0        116   fpinit.o
        10          0          0          0          0        116   fretinf.o
         4          0          0          0          0        116   printf1.o
         4          0          0          0          0        116   printf2.o
         0          0          0          0          0          0   usenofp.o
       292          0        200          0          0          0   new.cpp.o
         6          0          8          0          0          0   abort_message.cpp.o
        56          0          0          8          0          0   cxa_default_handlers.cpp.o
       900          0        228          0          0          0   cxa_exception.cpp.o
        20          0          8          0         12          0   cxa_exception_storage.cpp.o
        10          0          0          0          0          0   cxa_guard.cpp.o
       302        136        104          0          4          0   cxa_handlers.cpp.o
      2090         14        148          0          0          0   cxa_personality.cpp.o
        40         32          8          0          0          0   cxa_virtual.cpp.o
       446          0         48          0        516          0   fallback_malloc.cpp.o
      2210          0        678          0          0          0   private_typeinfo.cpp.o
       114         60        181          0          0          0   stdlib_exception.cpp.o
         2          0         21          0          0          0   stdlib_typeinfo.cpp.o
      1532         14        116          0          0          0   Unwind-EHABI.cpp.o
        38          0          0          0          0          0   UnwindRegistersRestore.S.o
        46          0          0          0          0          0   UnwindRegistersSave.S.o
      2396        564        291          0          1          0   libunwind.cpp.o
       280         28          0          0          0        156   ceil.o
        48          0          0          0          0        124   fpclassify.o
       310         72        287          0          0          0   abstractpartition.o
      4286        204        428         20          8          0   application.o
      5578        492       1363          0         36          0   bitmap.o
       180          0        176          0          0          0   box.o
       408          4        136          0          0          0   constfont.o
      1234        116        426          0          0          0   container.o
       220          8          0          0          0          0   displaytransformation.o
       708        160        262          0          0          0   dma.o
       462         12        176          0          0          0   drawable.o
       656          0         48          0          0          0   font.o
        32          4          8          0          4          0   fontmanager.o
       330         12        132          0          0          0   gestures.o
      3696        298       1225          0         17          0   hal.o
       190          0        140          0          0          0   image.o
      7258        102        373          0          4          0   lcd.o
     33634        698       2766        112        112          0   lcd16bpp.o
      1526         28        416          0          0          0   screen.o
       160         16          0          0          0          0   stm32_crc_lock.o
      4802        268        266          0          0          0   textprovider.o
       994         84          8          0          0          0   texturemaptypes.o
       870         16         16          0         44          0   touchcalibration.o
         0          0          0          0         14          0   typedtext.o
        20          0          0          0          0          0   unicode.o
        14          0          0          0          0          0   utils.o

    ----------------------------------------------------------------------
     92526       4176      11253        172       1146      11648   Library Totals
       142          0          3         20         26          0   (incl. Padding)

    ----------------------------------------------------------------------

      Code (inc. data)   RO Data    RW Data    ZI Data      Debug   Library Name

     10882        534        559         12        348       8164   c_w.l
      3106        200          0          0          0       3204   fz_wm.l
       292          0        200          0          0          0   libcpp_wx.l
      6196        242       1432          8        532          0   libcppabi_wx.l
      4012        578        407          0          1          0   libunwind_wx.l
       328         28          0          0          0        280   m_wm.l
     67568       2594       8652        132        239          0   touchgfx_core_wchar16.lib

    ----------------------------------------------------------------------
     92526       4176      11253        172       1146      11648   Library Totals

    ----------------------------------------------------------------------

==============================================================================


      Code (inc. data)   RO Data    RW Data    ZI Data      Debug   

    250736       4564     402748        784      81568     710196   Grand Totals
    250736       4564     402748        256      81568     710196   ELF Image Totals (compressed)
    250736       4564     402748        256          0          0   ROM Totals

==============================================================================

    Total RO  Size (Code + RO Data)               653484 ( 638.17kB)
    Total RW  Size (RW Data + ZI Data)             82352 (  80.42kB)
    Total ROM Size (Code + RO Data + RW Data)     653740 ( 638.42kB)

==============================================================================

